Component: ARM Compiler 5.06 update 3 (build 300) Tool: armlink [4d35c9]

==============================================================================

Section Cross References

    system_stm32f4xx.o(i.SystemCoreClockUpdate) refers to system_stm32f4xx.o(.data) for SystemCoreClock
    system_stm32f4xx.o(i.SystemCoreClockUpdate) refers to system_stm32f4xx.o(.constdata) for AHBPrescTable
    startup_stm32f429xx.o(RESET) refers to startup_stm32f429xx.o(STACK) for __initial_sp
    startup_stm32f429xx.o(RESET) refers to startup_stm32f429xx.o(.text) for Reset_Handler
    startup_stm32f429xx.o(RESET) refers to stm32f4xx_it.o(i.NMI_Handler) for NMI_Handler
    startup_stm32f429xx.o(RESET) refers to stm32f4xx_it.o(i.HardFault_Handler) for HardFault_Handler
    startup_stm32f429xx.o(RESET) refers to stm32f4xx_it.o(i.MemManage_Handler) for MemManage_Handler
    startup_stm32f429xx.o(RESET) refers to stm32f4xx_it.o(i.BusFault_Handler) for BusFault_Handler
    startup_stm32f429xx.o(RESET) refers to stm32f4xx_it.o(i.UsageFault_Handler) for UsageFault_Handler
    startup_stm32f429xx.o(RESET) refers to stm32f4xx_it.o(i.SVC_Handler) for SVC_Handler
    startup_stm32f429xx.o(RESET) refers to stm32f4xx_it.o(i.DebugMon_Handler) for DebugMon_Handler
    startup_stm32f429xx.o(RESET) refers to stm32f4xx_it.o(i.PendSV_Handler) for PendSV_Handler
    startup_stm32f429xx.o(RESET) refers to stm32f4xx_it.o(i.SysTick_Handler) for SysTick_Handler
    startup_stm32f429xx.o(RESET) refers to stm32f4xx_it.o(i.EXTI2_IRQHandler) for EXTI2_IRQHandler
    startup_stm32f429xx.o(RESET) refers to stm32f4xx_it.o(i.EXTI4_IRQHandler) for EXTI4_IRQHandler
    startup_stm32f429xx.o(RESET) refers to stm32f4xx_it.o(i.DMA1_Stream0_IRQHandler) for DMA1_Stream0_IRQHandler
    startup_stm32f429xx.o(RESET) refers to stm32f4xx_it.o(i.DMA1_Stream1_IRQHandler) for DMA1_Stream1_IRQHandler
    startup_stm32f429xx.o(RESET) refers to stm32f4xx_it.o(i.DMA1_Stream2_IRQHandler) for DMA1_Stream2_IRQHandler
    startup_stm32f429xx.o(RESET) refers to stm32f4xx_it.o(i.DMA1_Stream3_IRQHandler) for DMA1_Stream3_IRQHandler
    startup_stm32f429xx.o(RESET) refers to stm32f4xx_it.o(i.DMA1_Stream5_IRQHandler) for DMA1_Stream5_IRQHandler
    startup_stm32f429xx.o(RESET) refers to stm32f4xx_it.o(i.DMA1_Stream6_IRQHandler) for DMA1_Stream6_IRQHandler
    startup_stm32f429xx.o(RESET) refers to stm32f4xx_it.o(i.ADC_IRQHandler) for ADC_IRQHandler
    startup_stm32f429xx.o(RESET) refers to stm32f4xx_it.o(i.I2C1_EV_IRQHandler) for I2C1_EV_IRQHandler
    startup_stm32f429xx.o(RESET) refers to stm32f4xx_it.o(i.I2C1_ER_IRQHandler) for I2C1_ER_IRQHandler
    startup_stm32f429xx.o(RESET) refers to stm32f4xx_it.o(i.USART2_IRQHandler) for USART2_IRQHandler
    startup_stm32f429xx.o(RESET) refers to stm32f4xx_it.o(i.USART3_IRQHandler) for USART3_IRQHandler
    startup_stm32f429xx.o(RESET) refers to stm32f4xx_it.o(i.EXTI15_10_IRQHandler) for EXTI15_10_IRQHandler
    startup_stm32f429xx.o(RESET) refers to stm32f4xx_it.o(i.DMA1_Stream7_IRQHandler) for DMA1_Stream7_IRQHandler
    startup_stm32f429xx.o(RESET) refers to stm32f4xx_it.o(i.DMA2_Stream0_IRQHandler) for DMA2_Stream0_IRQHandler
    startup_stm32f429xx.o(RESET) refers to stm32f4xx_it.o(i.DMA2_Stream1_IRQHandler) for DMA2_Stream1_IRQHandler
    startup_stm32f429xx.o(RESET) refers to stm32f4xx_it.o(i.DMA2_Stream2_IRQHandler) for DMA2_Stream2_IRQHandler
    startup_stm32f429xx.o(RESET) refers to stm32f4xx_it.o(i.DMA2_Stream3_IRQHandler) for DMA2_Stream3_IRQHandler
    startup_stm32f429xx.o(RESET) refers to stm32f4xx_it.o(i.DMA2_Stream6_IRQHandler) for DMA2_Stream6_IRQHandler
    startup_stm32f429xx.o(RESET) refers to stm32f4xx_it.o(i.USART6_IRQHandler) for USART6_IRQHandler
    startup_stm32f429xx.o(.text) refers to system_stm32f4xx.o(i.SystemInit) for SystemInit
    startup_stm32f429xx.o(.text) refers to entry.o(.ARM.Collect$$$$00000000) for __main
    stm32f4xx_hal_dma_ex.o(i.HAL_DMAEx_MultiBufferStart) refers to stm32f4xx_hal_dma_ex.o(i.DMA_MultiBufferSetConfig) for DMA_MultiBufferSetConfig
    stm32f4xx_hal_dma_ex.o(i.HAL_DMAEx_MultiBufferStart_IT) refers to stm32f4xx_hal_dma_ex.o(i.DMA_MultiBufferSetConfig) for DMA_MultiBufferSetConfig
    stm32f4xx_hal_uart.o(i.HAL_HalfDuplex_Init) refers to stm32f4xx_hal_msp.o(i.HAL_UART_MspInit) for HAL_UART_MspInit
    stm32f4xx_hal_uart.o(i.HAL_HalfDuplex_Init) refers to stm32f4xx_hal_uart.o(i.UART_SetConfig) for UART_SetConfig
    stm32f4xx_hal_uart.o(i.HAL_LIN_Init) refers to stm32f4xx_hal_msp.o(i.HAL_UART_MspInit) for HAL_UART_MspInit
    stm32f4xx_hal_uart.o(i.HAL_LIN_Init) refers to stm32f4xx_hal_uart.o(i.UART_SetConfig) for UART_SetConfig
    stm32f4xx_hal_uart.o(i.HAL_MultiProcessor_Init) refers to stm32f4xx_hal_msp.o(i.HAL_UART_MspInit) for HAL_UART_MspInit
    stm32f4xx_hal_uart.o(i.HAL_MultiProcessor_Init) refers to stm32f4xx_hal_uart.o(i.UART_SetConfig) for UART_SetConfig
    stm32f4xx_hal_uart.o(i.HAL_UART_Abort) refers to stm32f4xx_hal_dma.o(i.HAL_DMA_Abort) for HAL_DMA_Abort
[...]
    calc_sensor_event                        0x0800d4a1   Thumb Code  1914  rf_data_handle.o(i.calc_sensor_event)
    calc_speed                               0x0800dc6d   Thumb Code    52  rf_data_handle.o(i.calc_speed)
    car_len_calc                             0x0800dca1   Thumb Code     2  rf_data_handle.o(i.car_len_calc)
    check_firmware_header                    0x0800dca5   Thumb Code    62  from_n1_store_s_rp_frimware.o(i.check_firmware_header)
    check_recode_data_if_repeat              0x0800dce9   Thumb Code    76  rf.o(i.check_recode_data_if_repeat)
    check_update_s_rp_list                   0x0800dd39   Thumb Code   174  update_s_rp.o(i.check_update_s_rp_list)
    clear_recode                             0x0800dded   Thumb Code    28  rf.o(i.clear_recode)
    cmp_sensor_cgfgparam_and_realparam       0x0800de0d   Thumb Code  1710  gprs_4g_app.o(i.cmp_sensor_cgfgparam_and_realparam)
    copy_string_to_double_buff               0x0800e4c9   Thumb Code   118  debug_uart.o(i.copy_string_to_double_buff)
    crc16                                    0x0800e549   Thumb Code    34  to_n1.o(i.crc16)
    crc16_byte                               0x0800e56d   Thumb Code    20  to_n1.o(i.crc16_byte)
    debug_cmd_handle                         0x0800e585   Thumb Code    30  debug_uart.o(i.debug_cmd_handle)
    debug_insert_sensor_event                0x0800e5ad   Thumb Code   444  debug.o(i.debug_insert_sensor_event)
    debug_send_double_buff_poll              0x0800e76d   Thumb Code   256  debug_uart.o(i.debug_send_double_buff_poll)
    debug_send_list_sensor_buff              0x0800e889   Thumb Code    60  debug_uart.o(i.debug_send_list_sensor_buff)
    debug_sensor_event_to_str                0x0800e8d1   Thumb Code  1924  debug.o(i.debug_sensor_event_to_str)
    dtu_ack_r_fun                            0x0800f065   Thumb Code   250  timer_and_realtime_data.o(i.dtu_ack_r_fun)
    dtu_cmd_param                            0x0800f175   Thumb Code   206  gprs_comm.o(i.dtu_cmd_param)
    dz_car_len_adjust_car_zhou               0x0800f24d   Thumb Code   108  timer_and_realtime_data.o(i.dz_car_len_adjust_car_zhou)
    dz_dorp_near_lane_error                  0x0800f2b9   Thumb Code   492  timer_and_realtime_data.o(i.dz_dorp_near_lane_error)
    enable_ack                               0x0800f4a9   Thumb Code    46  debug_uart.o(i.enable_ack)
    enable_gprs_print_tx_rx_data             0x0800f509   Thumb Code    46  debug_uart.o(i.enable_gprs_print_tx_rx_data)
    enable_print_sensor_event_fun            0x0800f581   Thumb Code    46  debug_uart.o(i.enable_print_sensor_event_fun)
    enable_print_updata                      0x0800f5f5   Thumb Code    46  debug_uart.o(i.enable_print_updata)
    enable_rf_print_sensor_event             0x0800f665   Thumb Code    46  debug_uart.o(i.enable_rf_print_sensor_event)
    enable_rp_update                         0x0800f6d9   Thumb Code    16  update_s_rp.o(i.enable_rp_update)
    enable_sensor_update                     0x0800f6ed   Thumb Code    16  update_s_rp.o(i.enable_sensor_update)
    enable_syn                               0x0800f701   Thumb Code    46  debug_uart.o(i.enable_syn)
    fabs                                     0x0800f761   Thumb Code    24  fabs.o(i.fabs)
    find_sensor_index_from_lane_to_xx        0x0800f779   Thumb Code   202  rf_data_handle.o(i.find_sensor_index_from_lane_to_xx)
    from_n1_data_handle                      0x0800f84d   Thumb Code   174  from_n1.o(i.from_n1_data_handle)
    func_enable_print_crc_error              0x0800f911   Thumb Code    46  debug_uart.o(i.func_enable_print_crc_error)
    func_enable_test_send_updata_packet      0x0800f981   Thumb Code    56  debug_uart.o(i.func_enable_test_send_updata_packet)
    get_4g_data_buff                         0x0800fa05   Thumb Code    88  gprs_comm.o(i.get_4g_data_buff)
    get_4g_data_buff_max                     0x0800fa61   Thumb Code   102  gprs_comm.o(i.get_4g_data_buff_max)
    get_ap_param                             0x0800facd   Thumb Code   126  debug_uart.o(i.get_ap_param)
    get_cmd                                  0x0800fb5d   Thumb Code    58  debug_uart.o(i.get_cmd)
    get_from_n1_buff                         0x0800fba5   Thumb Code    66  to_n1.o(i.get_from_n1_buff)
    get_gprs_stat                            0x0800fbf5   Thumb Code    14  debug_uart.o(i.get_gprs_stat)
    get_q_string                             0x0800fc05   Thumb Code   144  debug_uart.o(i.get_q_string)
    get_realtime_data_queue_hasdata_len      0x0800fc99   Thumb Code    78  timer_and_realtime_data.o(i.get_realtime_data_queue_hasdata_len)
    get_rf_stat                              0x0800fcf5   Thumb Code    14  debug_uart.o(i.get_rf_stat)
    get_s_rp_input_update_stat               0x0800fd05   Thumb Code    92  update_s_rp.o(i.get_s_rp_input_update_stat)
    get_sec_from_rtc                         0x0800fd65   Thumb Code   202  timer_and_realtime_data.o(i.get_sec_from_rtc)
    get_sensor                               0x0800fe4d   Thumb Code    16  debug_uart.o(i.get_sensor)
    get_slot_num                             0x0800fe61   Thumb Code    50  rf.o(i.get_slot_num)
    get_str_param                            0x0800fe99   Thumb Code   106  debug_uart.o(i.get_str_param)
    gprs_4g_heart                            0x0800ff09   Thumb Code   220  gprs_4g_app.o(i.gprs_4g_heart)
    gprs_4g_task_poll                        0x0800ffed   Thumb Code    32  gprs_4g_app.o(i.gprs_4g_task_poll)
    gprs_at_get_CGREG                        0x0801000d   Thumb Code    10  gprs_comm.o(i.gprs_at_get_CGREG)
    gprs_at_init                             0x08010025   Thumb Code    10  gprs_comm.o(i.gprs_at_init)
    gprs_at_tcp_close                        0x08010039   Thumb Code    30  gprs_comm.o(i.gprs_at_tcp_close)
    gprs_at_tcp_conn                         0x0801006d   Thumb Code    54  gprs_comm.o(i.gprs_at_tcp_conn)
    gprs_data_handle                         0x080100d5   Thumb Code   360  gprs_comm.o(i.gprs_data_handle)
    gprs_get_cmd_param                       0x08010251   Thumb Code   230  gprs_comm.o(i.gprs_get_cmd_param)
    gprs_main_call                           0x08010341   Thumb Code  1864  gprs_comm.o(i.gprs_main_call)
    gprs_reboot                              0x08010ae5   Thumb Code     8  gprs_comm.o(i.gprs_reboot)
    gprs_str_cmd_handle                      0x08010af1   Thumb Code  2054  gprs_comm.o(i.gprs_str_cmd_handle)
    gprs_str_copy_to_queue                   0x08011405   Thumb Code    28  gprs_comm.o(i.gprs_str_copy_to_queue)
    gprs_str_read_queue                      0x08011421   Thumb Code    54  gprs_comm.o(i.gprs_str_read_queue)
    gprs_str_to_int                          0x08011465   Thumb Code   170  gprs_comm.o(i.gprs_str_to_int)
    gprs_str_write_queue                     0x08011519   Thumb Code    66  gprs_comm.o(i.gprs_str_write_queue)
    gprs_uart_send_string                    0x08011569   Thumb Code    44  gprs_comm.o(i.gprs_uart_send_string)
    gps_set_rtc                              0x08011599   Thumb Code    98  gprs_comm.o(i.gps_set_rtc)
    grps_power_off                           0x08011609   Thumb Code    28  gprs_hal.o(i.grps_power_off)
    grps_power_on                            0x0801162d   Thumb Code    34  gprs_hal.o(i.grps_power_on)
    heart_timeout                            0x08011659   Thumb Code    70  gprs_comm.o(i.heart_timeout)
    help                                     0x080116a9   Thumb Code    12  debug_uart.o(i.help)
    init_ap_param                            0x080116b9   Thumb Code   148  ap_param.o(i.init_ap_param)
    init_realtime_data_queue                 0x0801175d   Thumb Code    44  timer_and_realtime_data.o(i.init_realtime_data_queue)
    insert_rp_stat_packet                    0x08011799   Thumb Code   350  rf_data_handle.o(i.insert_rp_stat_packet)
    insert_sensor_event                      0x08011901   Thumb Code  2354  rf_data_handle.o(i.insert_sensor_event)
    insert_sensor_stat_packet                0x08012239   Thumb Code   224  rf_data_handle.o(i.insert_sensor_stat_packet)
    insert_to_n1_buff                        0x08012325   Thumb Code   296  to_n1.o(i.insert_to_n1_buff)
    led_1_close                              0x0801245d   Thumb Code    14  gprs_hal.o(i.led_1_close)
    load_sys_param_to_use_table              0x08012471   Thumb Code  1322  gprs_4g_app.o(i.load_sys_param_to_use_table)
    main                                     0x080129a5   Thumb Code   144  main.o(i.main)
    make_ack                                 0x08012a45   Thumb Code    32  rf.o(i.make_ack)
    make_data_to_n1                          0x08012a69   Thumb Code   152  rf.o(i.make_data_to_n1)
    make_gprs_stat                           0x08012b11   Thumb Code    44  gprs_comm.o(i.make_gprs_stat)
    make_list_sensor_debug_data              0x08012b75   Thumb Code  2286  rf_data_handle.o(i.make_list_sensor_debug_data)
    make_result_test_1000p                   0x08013465   Thumb Code   128  rf.o(i.make_result_test_1000p)
    make_rf_stat                             0x08013521   Thumb Code   228  rf_hal.o(i.make_rf_stat)
    make_sensor_car_count_debug_data         0x0801361d   Thumb Code   324  rf_data_handle.o(i.make_sensor_car_count_debug_data)
    make_timer_statistics_data               0x08013799   Thumb Code  1314  rf_data_handle.o(i.make_timer_statistics_data)
    n1_get_2g_stat                           0x08013cc1   Thumb Code    22  from_n1.o(i.n1_get_2g_stat)
    n1_get_ap_pram                           0x08013ce1   Thumb Code    22  from_n1.o(i.n1_get_ap_pram)
    n1_send_2g_data                          0x08013d01   Thumb Code    24  from_n1.o(i.n1_send_2g_data)
    n1_set_ap_pram                           0x08013d1d   Thumb Code    96  from_n1.o(i.n1_set_ap_pram)
    n1_set_rp_param                          0x08013d99   Thumb Code    24  from_n1.o(i.n1_set_rp_param)
    n1_set_s_param                           0x08013db9   Thumb Code    24  from_n1.o(i.n1_set_s_param)
    poll_auto_cfg_4G_task                    0x08013dd9   Thumb Code   256  gprs_4g_app.o(i.poll_auto_cfg_4G_task)
    poll_sysparam_4G_task                    0x08013ee5   Thumb Code   384  gprs_4g_app.o(i.poll_sysparam_4G_task)
    poll_to_4g_realtime_data                 0x0801406d   Thumb Code    34  timer_and_realtime_data.o(i.poll_to_4g_realtime_data)
    print_event_insert_enable                0x08014095   Thumb Code    38  debug_uart.o(i.print_event_insert_enable)
    print_one_car_enable                     0x080140f9   Thumb Code    38  debug_uart.o(i.print_one_car_enable)
    print_version                            0x0801415d   Thumb Code    22  debug_uart.o(i.print_version)
    qianfang_lane_to_his_lane                0x08014199   Thumb Code    96  timer_and_realtime_data.o(i.qianfang_lane_to_his_lane)
    re_start_sensor_event_record             0x080141fd   Thumb Code    14  debug.o(i.re_start_sensor_event_record)
    read_ap_param_flash                      0x08014211   Thumb Code   338  flash.o(i.read_ap_param_flash)
    read_firmware_rp_head                    0x08014379   Thumb Code   224  from_n1_store_s_rp_frimware.o(i.read_firmware_rp_head)
    read_firmware_sensor_head                0x08014471   Thumb Code   212  from_n1_store_s_rp_frimware.o(i.read_firmware_sensor_head)
    realtime_data_read_queue                 0x0801455d   Thumb Code   106  timer_and_realtime_data.o(i.realtime_data_read_queue)
    realtime_data_write_queue                0x080145d5   Thumb Code   130  timer_and_realtime_data.o(i.realtime_data_write_queue)
    receive_rp_sensor_firmware               0x08014665   Thumb Code   824  from_n1_store_s_rp_frimware.o(i.receive_rp_sensor_firmware)
    restart_sensor                           0x080149d5   Thumb Code    16  debug_uart.o(i.restart_sensor)
    rev_4g_server_ap_firmware                0x08014a05   Thumb Code   220  gprs_4g_app.o(i.rev_4g_server_ap_firmware)
    rev_4g_server_rp_firmware                0x08014af1   Thumb Code   152  gprs_4g_app.o(i.rev_4g_server_rp_firmware)
    rev_4g_server_s_firmware                 0x08014b91   Thumb Code   152  gprs_4g_app.o(i.rev_4g_server_s_firmware)
    rev_sys_param                            0x08014c31   Thumb Code   180  gprs_4g_app.o(i.rev_sys_param)
    rf_cmd_tx                                0x08014cf1   Thumb Code    14  rf_hal.o(i.rf_cmd_tx)
    rf_cs_off                                0x08014d01   Thumb Code    76  rf_hal.o(i.rf_cs_off)
    rf_fast_init                             0x08014d69   Thumb Code   702  rf_hal.o(i.rf_fast_init)
    rf_init                                  0x08015069   Thumb Code   702  rf_hal.o(i.rf_init)
    rf_io_tx                                 0x08015351   Thumb Code   266  rf_hal.o(i.rf_io_tx)
    rf_io_tx_4                               0x0801547d   Thumb Code  1146  rf_hal.o(i.rf_io_tx_4)
    rf_manage                                0x08015901   Thumb Code   290  rf_hal.o(i.rf_manage)
    rf_power_off                             0x08015a35   Thumb Code    96  rf_hal.o(i.rf_power_off)
    rf_power_on                              0x08015ab1   Thumb Code    86  rf_hal.o(i.rf_power_on)
    rf_power_reset                           0x08015b25   Thumb Code    34  rf_hal.o(i.rf_power_reset)
    rf_rev_1000p_test                        0x08015b49   Thumb Code   148  rf.o(i.rf_rev_1000p_test)
    rf_rx                                    0x08015c21   Thumb Code   702  rf_hal.o(i.rf_rx)
    rf_rx_data_handle                        0x08015f19   Thumb Code   864  rf.o(i.rf_rx_data_handle)
    rf_rx_voerflow_check                     0x08016351   Thumb Code   188  rf_hal.o(i.rf_rx_voerflow_check)
    rf_satt_init                             0x08016451   Thumb Code    22  rf_hal.o(i.rf_satt_init)
    rf_scan_channel                          0x0801646d   Thumb Code   166  rf_hal.o(i.rf_scan_channel)
    rf_send                                  0x08016541   Thumb Code    86  debug_uart.o(i.rf_send)
    rf_send_1000p                            0x080165b5   Thumb Code   438  rf_hal.o(i.rf_send_1000p)
    rf_send_ack_packet                       0x080167f5   Thumb Code   452  rf.o(i.rf_send_ack_packet)
    rf_send_syn_packet                       0x08016a15   Thumb Code   690  rf.o(i.rf_send_syn_packet)
    rf_send_updata_packet                    0x08016d41   Thumb Code   390  rf.o(i.rf_send_updata_packet)
    rf_send_update_packet                    0x08016ef5   Thumb Code   166  update_s_rp.o(i.rf_send_update_packet)
    rf_set_channel                           0x08016ff1   Thumb Code    70  rf_hal.o(i.rf_set_channel)
    rf_write_buff                            0x08017039   Thumb Code   188  rf_hal.o(i.rf_write_buff)
    scan_channel_ebale                       0x08017111   Thumb Code    44  debug_uart.o(i.scan_channel_ebale)
    send_4g_firmware_ack                     0x0801717d   Thumb Code   116  gprs_4g_app.o(i.send_4g_firmware_ack)
    send_4g_heart_pacekt                     0x080171f9   Thumb Code   260  gprs_4g_app.o(i.send_4g_heart_pacekt)
    send_4g_sensor_rp_updata_stat            0x08017321   Thumb Code   684  gprs_4g_app.o(i.send_4g_sensor_rp_updata_stat)
    send_4g_sys_param_ack                    0x080175e1   Thumb Code   110  gprs_4g_app.o(i.send_4g_sys_param_ack)
    send_4g_sys_param_table                  0x0801765d   Thumb Code   392  gprs_4g_app.o(i.send_4g_sys_param_table)
    send_4g_timer_data_sensor                0x080177fd   Thumb Code   630  gprs_4g_app.o(i.send_4g_timer_data_sensor)
    send_4g_timer_stat_qianfang              0x08017a91   Thumb Code   812  gprs_4g_app.o(i.send_4g_timer_stat_qianfang)
    send_4g_timer_stat_sensor                0x08017dd9   Thumb Code  1318  gprs_4g_app.o(i.send_4g_timer_stat_sensor)
    send_gprs_200                            0x0801830d   Thumb Code    14  debug_uart.o(i.send_gprs_200)
    send_gprs_200_                           0x08018331   Thumb Code     2  gprs_comm.o(i.send_gprs_200_)
    send_gprs_data                           0x08018333   Thumb Code     6  gprs_comm.o(i.send_gprs_data)
    send_to_4g_realtime_data                 0x08018339   Thumb Code   522  timer_and_realtime_data.o(i.send_to_4g_realtime_data)
    sensor_data_and_stat_timer_task          0x08018561   Thumb Code   300  timer_and_realtime_data.o(i.sensor_data_and_stat_timer_task)
    sensor_event_and_stat_hanle              0x080186b5   Thumb Code  1884  rf_data_handle.o(i.sensor_event_and_stat_hanle)
    sensor_rp_updata_manage                  0x08018e1d   Thumb Code   794  update_s_rp.o(i.sensor_rp_updata_manage)
    server_4g_data_hanle                     0x08019151   Thumb Code  1374  gprs_4g_app.o(i.server_4g_data_hanle)
    set_debug_type                           0x080196b9   Thumb Code    46  debug_uart.o(i.set_debug_type)
    set_debug_type1                          0x0801971d   Thumb Code    42  debug_uart.o(i.set_debug_type1)
    set_lane                                 0x08019765   Thumb Code   102  debug_uart.o(i.set_lane)
    set_rev_syn_print_db                     0x080197f5   Thumb Code    40  debug_uart.o(i.set_rev_syn_print_db)
    set_rf_mode                              0x08019849   Thumb Code    92  debug_uart.o(i.set_rf_mode)
    set_rp_ch                                0x080198e5   Thumb Code    76  debug_uart.o(i.set_rp_ch)
    set_rp_slot                              0x08019935   Thumb Code    78  debug_uart.o(i.set_rp_slot)
    setrfch                                  0x08019989   Thumb Code   110  debug_uart.o(i.setrfch)
    spi_to_index                             0x08019a45   Thumb Code    46  rf_hal.o(i.spi_to_index)
    sqrt                                     0x08019a85   Thumb Code   110  sqrt.o(i.sqrt)
    start_from_debug_dma_receive             0x08019af5   Thumb Code    32  debug_uart.o(i.start_from_debug_dma_receive)
    start_from_gprs_dma_receive              0x08019b1d   Thumb Code    32  gprs_hal.o(i.start_from_gprs_dma_receive)
    start_from_n1_dma_receive                0x08019b45   Thumb Code    44  from_n1.o(i.start_from_n1_dma_receive)
    start_updata_rp                          0x08019b7d   Thumb Code   124  gprs_4g_app.o(i.start_updata_rp)
    start_updata_sensor                      0x08019c05   Thumb Code   218  gprs_4g_app.o(i.start_updata_sensor)
    str_to_int                               0x08019ced   Thumb Code   146  debug_uart.o(i.str_to_int)
    strhex_to_hex                            0x08019d89   Thumb Code    54  from_n1_store_s_rp_frimware.o(i.strhex_to_hex)
    to_n1_buff_handle                        0x08019dc5   Thumb Code   248  to_n1.o(i.to_n1_buff_handle)
    uart_form_n1_idle_callback               0x08019ed9   Thumb Code    66  from_n1.o(i.uart_form_n1_idle_callback)
    uart_from_debug_idle_callback            0x08019f29   Thumb Code    68  debug_uart.o(i.uart_from_debug_idle_callback)
    uart_from_gprs_idle_callback             0x08019f7d   Thumb Code    56  gprs_hal.o(i.uart_from_gprs_idle_callback)
    user_sys_init                            0x08019fc1   Thumb Code    86  main.o(i.user_sys_init)
    write_ap_param_flash                     0x0801a029   Thumb Code   298  flash.o(i.write_ap_param_flash)
    write_bin_flash                          0x0801a16d   Thumb Code    90  flash.o(i.write_bin_flash)
    write_realtime_data_to_queue             0x0801a1cd   Thumb Code  1036  timer_and_realtime_data.o(i.write_realtime_data_to_queue)
    AHBPrescTable                            0x0801a5d8   Data          16  system_stm32f4xx.o(.constdata)
    APBPrescTable                            0x0801a5e8   Data           8  system_stm32f4xx.o(.constdata)
    crc16_table                              0x0801a600   Data         512  to_n1.o(.constdata)
    mon_table                                0x0801a8e4   Data          12  timer_and_realtime_data.o(.constdata)
    __mathlib_zero                           0x0801a978   Data           8  qnan.o(.constdata)
    __ctype_categories                       0x0801a980   Data          64  ctype_c.o(.constdata)
    Region$$Table$$Base                      0x0801b7a4   Number         0  anon$$obj.o(Region$$Table)
    Region$$Table$$Limit                     0x0801b7c4   Number         0  anon$$obj.o(Region$$Table)
    realtime_data_queue                      0x10000000   Data       65536  timer_and_realtime_data.o(.ARM.__AT_0x10000000)
    SystemCoreClock                          0x20000000   Data           4  system_stm32f4xx.o(.data)
    uwTick                                   0x20000004   Data           4  stm32f4xx_hal.o(.data)
    hcrc                                     0x20000008   Data           8  main.o(.data)
    core_freq                                0x20000010   Data           4  main.o(.data)
    data                                     0x20000014   Data          24  main.o(.data)
    iic_stat                                 0x2000002c   Data           1  main.o(.data)
    SectorError                              0x20000030   Data           4  main.o(.data)
    adc_getvalue_enable                      0x20000034   Data           4  main.o(.data)
    debug_flag                               0x20000038   Data           4  debug_uart.o(.data)
    ff                                       0x2000003c   Data           4  debug_uart.o(.data)
    enable_print_updata_flag                 0x20000040   Data           4  debug_uart.o(.data)
    cmd_list                                 0x20000044   Data         232  debug_uart.o(.data)
    from_n1_data_index                       0x20000134   Data           4  from_n1.o(.data)
    to_n1_buff_insert_ptr                    0x20000138   Data           4  to_n1.o(.data)
    to_n1_buff_get_ptr                       0x2000013c   Data           4  to_n1.o(.data)
    send_to_n1_ack                           0x20000140   Data          10  to_n1.o(.data)
    to_n1_lost_packet_count                  0x2000014c   Data           4  to_n1.o(.data)
    my_firmware_head                         0x2000015c   Data           8  from_n1_store_s_rp_frimware.o(.data)
    ee_write_packet_syn                      0x20000164   Data           2  from_n1_store_s_rp_frimware.o(.data)
    ee_write_addr_add                        0x20000168   Data           4  from_n1_store_s_rp_frimware.o(.data)
    gprs_str_queue_write                     0x20000180   Data           4  gprs_comm.o(.data)
    gprs_str_queue_read                      0x20000184   Data           4  gprs_comm.o(.data)
    gprs_receive_packet_flag                 0x20000188   Data           4  gprs_comm.o(.data)
    gprs_cmd_param_num                       0x2000018c   Data           4  gprs_comm.o(.data)
    gprs_sec_flag                            0x20000190   Data           1  gprs_comm.o(.data)
    gps_read_flag                            0x20000191   Data           1  gprs_comm.o(.data)
    gprs_print_rx_tx_data_enable             0x20000194   Data           4  gprs_comm.o(.data)
    gps_date                                 0x20000198   Data           7  gprs_comm.o(.data)
    gprs_str_cmd                             0x200001a0   Data         120  gprs_comm.o(.data)
    who_dtu_ack_r                            0x20000228   Data           1  gprs_4g_app.o(.data)
    timer_reboot_system                      0x2000022c   Data           4  gprs_4g_app.o(.data)
    battery_mv                               0x20000230   Data           2  gprs_4g_app.o(.data)
    cfg_lane_num                             0x20000232   Data           1  gprs_4g_app.o(.data)
    wait_cfg_rp_num                          0x20000233   Data           1  gprs_4g_app.o(.data)
    wait_cfg_s_num                           0x20000234   Data           1  gprs_4g_app.o(.data)
    rf_index                                 0x20000248   Data          16  rf_hal.o(.data)
    rf_sec_flag                              0x20000258   Data           1  rf_hal.o(.data)
    rf_scan_channel_enable                   0x20000259   Data           1  rf_hal.o(.data)
    rf_send_1000_p_enable                    0x2000025a   Data           1  rf_hal.o(.data)
    rf_send_data                             0x2000025b   Data          15  rf_hal.o(.data)
    syn_send_error                           0x2000026c   Data           4  rf_hal.o(.data)
    test_1000p_data                          0x20000270   Data          28  rf_hal.o(.data)
    rf1_flush_rx                             0x2000028c   Data           4  rf_hal.o(.data)
    rf2_flush_rx                             0x20000290   Data           4  rf_hal.o(.data)
    rf3_flush_rx                             0x20000294   Data           4  rf_hal.o(.data)
    rf4_flush_rx                             0x20000298   Data           4  rf_hal.o(.data)
    channel                                  0x2000029c   Data           4  rf_hal.o(.data)
    str_power                                0x200002a0   Data          12  rf_hal.o(.data)
    str_init                                 0x200002ac   Data          12  rf_hal.o(.data)
    str_mode                                 0x200002b8   Data          12  rf_hal.o(.data)
    systerm_info                             0x200002cc   Data           8  rf.o(.data)
    uiIndex                                  0x200002d4   Data           4  rf.o(.data)
    g_sSnnDataMessage                        0x200002d8   Data          84  rf.o(.data)
    rev_syn_db                               0x2000032c   Data           4  rf.o(.data)
    syn_disable                              0x20000330   Data           4  rf.o(.data)
    test                                     0x20000334   Data           4  rf.o(.data)
    enable_print_sensor_event                0x20000338   Data           4  rf.o(.data)
    enable_print_crc_error                   0x2000033c   Data           4  rf.o(.data)
    ack_num                                  0x20000340   Data           4  rf.o(.data)
    ack_disable                              0x20000344   Data           4  rf.o(.data)
    flag                                     0x20000348   Data           4  rf.o(.data)
    rssi1                                    0x2000034c   Data           4  rf.o(.data)
    auto_set_queue_write                     0x20000350   Data           4  rf.o(.data)
    auto_set_queue_read                      0x20000354   Data           4  rf.o(.data)
    enable_test_send_updata_packet           0x2000035c   Data           4  update_s_rp.o(.data)
    ee_data_read                             0x20000360   Data         256  eeprom.o(.data)
    ap_param_write_flash_flag                0x20000460   Data           1  flash.o(.data)
    print_event_handle_guocheng              0x20000464   Data           4  rf_data_handle.o(.data)
    print_one_car                            0x20000468   Data           4  rf_data_handle.o(.data)
    realtime_queue_write                     0x2000046c   Data           8  timer_and_realtime_data.o(.data)
    realtime_queue_read                      0x20000474   Data           8  timer_and_realtime_data.o(.data)
    rtdata_send_buff_count                   0x2000047c   Data           2  timer_and_realtime_data.o(.data)
    rtdata_resend_times                      0x20000480   Data           8  timer_and_realtime_data.o(.data)
    rtdata_send_time                         0x20000488   Data           8  timer_and_realtime_data.o(.data)
    rtc_date                                 0x20000490   Data           4  timer_and_realtime_data.o(.data)
    p_sensor_data_timer                      0x20000494   Data           4  timer_and_realtime_data.o(.data)
    ap_stat_timer                            0x20000498   Data           8  timer_and_realtime_data.o(.data)
    pFlash                                   0x200004b4   Data          32  stm32f4xx_hal_flash.o(.bss)
    hadc1                                    0x200004d4   Data          72  main.o(.bss)
    hi2c1                                    0x2000051c   Data          84  main.o(.bss)
    hdma_i2c1_rx                             0x20000570   Data          96  main.o(.bss)
    hdma_i2c1_tx                             0x200005d0   Data          96  main.o(.bss)
    hrtc                                     0x20000630   Data          32  main.o(.bss)
    hspi1                                    0x20000650   Data          88  main.o(.bss)
    hspi3                                    0x200006a8   Data          88  main.o(.bss)
    hspi4                                    0x20000700   Data          88  main.o(.bss)
    hspi5                                    0x20000758   Data          88  main.o(.bss)
    hdma_spi1_rx                             0x200007b0   Data          96  main.o(.bss)
    hdma_spi3_rx                             0x20000810   Data          96  main.o(.bss)
    hdma_spi4_rx                             0x20000870   Data          96  main.o(.bss)
    hdma_spi5_rx                             0x200008d0   Data          96  main.o(.bss)
    htim2                                    0x20000930   Data          60  main.o(.bss)
    huart2                                   0x2000096c   Data          64  main.o(.bss)
    huart3                                   0x200009ac   Data          64  main.o(.bss)
    huart6                                   0x200009ec   Data          64  main.o(.bss)
    hdma_usart2_rx                           0x20000a2c   Data          96  main.o(.bss)
    hdma_usart2_tx                           0x20000a8c   Data          96  main.o(.bss)
    hdma_usart3_rx                           0x20000aec   Data          96  main.o(.bss)
    hdma_usart3_tx                           0x20000b4c   Data          96  main.o(.bss)
    hdma_usart6_rx                           0x20000bac   Data          96  main.o(.bss)
    hdma_usart6_tx                           0x20000c0c   Data          96  main.o(.bss)
    EraseInit                                0x20000c6c   Data          20  main.o(.bss)
    debug_uart_dma_buff                      0x20000c80   Data         512  debug_uart.o(.bss)
    debug_uart_buff                          0x20000e80   Data         513  debug_uart.o(.bss)
    debug_send_buff                          0x20001081   Data         512  debug_uart.o(.bss)
    debug_send_buff1                         0x20001284   Data        2052  debug_uart.o(.bss)
    debug_send_buff2                         0x20001a88   Data        2052  debug_uart.o(.bss)
    cmd_param_int                            0x2000228c   Data          44  debug_uart.o(.bss)
    c                                        0x200022b8   Data        5000  debug_uart.o(.bss)
    cmd                                      0x20003640   Data         100  debug_uart.o(.bss)
    param                                    0x200036a4   Data          32  debug_uart.o(.bss)
    sensor_event_list                        0x200036c4   Data        8192  debug.o(.bss)
    debug_sensor_event_str                   0x200056c4   Data       23808  debug.o(.bss)
    from_n1_data                             0x2000b3c4   Data         512  from_n1.o(.bss)
    send_to_n1_buff                          0x2000b5c4   Data       12800  to_n1.o(.bss)
    send_to_n1_data                          0x2000e7c4   Data         256  to_n1.o(.bss)
    firm_debug_buff                          0x2000e8c4   Data          12  from_n1_store_s_rp_frimware.o(.bss)
    firmware_head                            0x2000e8d0   Data         190  from_n1_store_s_rp_frimware.o(.bss)
    firmware_struct_head                     0x2000e98e   Data         160  from_n1_store_s_rp_frimware.o(.bss)
    pheader_5xxRP                            0x2000ea2e   Data          56  from_n1_store_s_rp_frimware.o(.bss)
    pheader_5xx                              0x2000ea66   Data         152  from_n1_store_s_rp_frimware.o(.bss)
    gprs_receive_dma_buff                    0x2000eafe   Data        1536  gprs_hal.o(.bss)
    n1_to_server_data                        0x2000f100   Data         256  gprs_comm.o(.bss)
    gprs_str_queue                           0x2000f200   Data        4096  gprs_comm.o(.bss)
    gprs_data_buff                           0x20010200   Data        1824  gprs_comm.o(.bss)
    gprs_one_cmd                             0x20010920   Data         257  gprs_comm.o(.bss)
    gprs_cmd_param                           0x20010a21   Data         500  gprs_comm.o(.bss)
    gprs_debug_buff                          0x20010c15   Data         256  gprs_comm.o(.bss)
    at_cmd_conn                              0x20010d15   Data          50  gprs_comm.o(.bss)
    gprs_stat                                0x20010d48   Data        2880  gprs_comm.o(.bss)
    send_heart_flag                          0x20011888   Data          24  gprs_4g_app.o(.bss)
    client_data_buff_0                       0x200118a0   Data        1828  gprs_4g_app.o(.bss)
    client_data_buff_1                       0x20011fc4   Data        1828  gprs_4g_app.o(.bss)
    gprs_4g_task                             0x200126e8   Data          48  gprs_4g_app.o(.bss)
    auto_cfg_stat                            0x20012718   Data         344  gprs_4g_app.o(.bss)
    rf_stat                                  0x20012870   Data          64  rf_hal.o(.bss)
    rf_rx_buff                               0x200128b0   Data        1024  rf_hal.o(.bss)
    syn_packet                               0x20012cc0   Data          34  rf.o(.bss)
    ack_packet                               0x20012ce2   Data          28  rf.o(.bss)
    upadate_packet                           0x20012cfe   Data          46  rf.o(.bss)
    s_sApAckPacket                           0x20012d2c   Data         112  rf.o(.bss)
    sensor_rp_data_recode                    0x20012d9c   Data        1024  rf.o(.bss)
    test_1000p_manage                        0x2001319c   Data          12  rf.o(.bss)
    auto_data_buff                           0x200131a8   Data         128  rf.o(.bss)
    update_s_rp_manage                       0x20013228   Data         272  update_s_rp.o(.bss)
    sys_flash_param                          0x20013338   Data        1728  ap_param.o(.bss)
    sensor_rp_param                          0x200139f8   Data          15  ap_param.o(.bss)
    ee_data_write                            0x20013a08   Data         256  eeprom.o(.bss)
    ee_task                                  0x20013b08   Data          12  eeprom.o(.bss)
    lane_to_sensor_info_and_result           0x20013b14   Data       86788  rf_data_handle.o(.bss)
    event_handle_debug_buff                  0x20028e18   Data        1024  rf_data_handle.o(.bss)
    list_sensor_debug_buff                   0x20029218   Data       12800  rf_data_handle.o(.bss)
    rtdata_send_buff                         0x2002c418   Data        2900  timer_and_realtime_data.o(.bss)
    rtc_time                                 0x2002cf6c   Data          20  timer_and_realtime_data.o(.bss)
    qianfang_realtime_data                   0x2002cf80   Data          36  timer_and_realtime_data.o(.bss)
    dezhou_realtime_data                     0x2002cfa4   Data          48  timer_and_realtime_data.o(.bss)
    rp_stat_timer                            0x2002cfd4   Data           9  timer_and_realtime_data.o(.bss)
    __initial_sp                             0x2002d7e0   Data           0  startup_stm32f429xx.o(STACK)



==============================================================================

Memory Map of the image

  Image Entry point : 0x080041ad

  Load Region LR_IROM1 (Base: 0x08004000, Size: 0x00017c78, Max: 0x00200000, ABSOLUTE, COMPRESSED[0x00017950])

    Execution Region ER_IROM1 (Base: 0x08004000, Size: 0x000177c4, Max: 0x00200000, ABSOLUTE)

    Base Addr    Size         Type   Attr      Idx    E Section Name        Object

    0x08004000   0x000001ac   Data   RO          156    RESET               startup_stm32f429xx.o
    0x080041ac   0x00000000   Code   RO         6217  * .ARM.Collect$$$$00000000  mc_w.l(entry.o)
    0x080041ac   0x00000004   Code   RO         6552    .ARM.Collect$$$$00000001  mc_w.l(entry2.o)
    0x080041b0   0x00000004   Code   RO         6555    .ARM.Collect$$$$00000004  mc_w.l(entry5.o)
    0x080041b4   0x00000000   Code   RO         6557    .ARM.Collect$$$$00000008  mc_w.l(entry7b.o)
    0x080041b4   0x00000000   Code   RO         6559    .ARM.Collect$$$$0000000A  mc_w.l(entry8b.o)
    0x080041b4   0x00000008   Code   RO         6560    .ARM.Collect$$$$0000000B  mc_w.l(entry9a.o)
    0x080041bc   0x00000000   Code   RO         6562    .ARM.Collect$$$$0000000D  mc_w.l(entry10a.o)
    0x080041bc   0x00000000   Code   RO         6564    .ARM.Collect$$$$0000000F  mc_w.l(entry11a.o)
    0x080041bc   0x00000004   Code   RO         6553    .ARM.Collect$$$$00002712  mc_w.l(entry2.o)
    0x080041c0   0x00000024   Code   RO          157    .text               startup_stm32f429xx.o
    0x080041e4   0x00000024   Code   RO         6220    .text               mc_w.l(memcpya.o)
    0x08004208   0x00000024   Code   RO         6222    .text               mc_w.l(memseta.o)
    0x0800422c   0x0000000e   Code   RO         6224    .text               mc_w.l(strlen.o)
    0x0800423a   0x0000001c   Code   RO         6226    .text               mc_w.l(strcmp.o)
    0x08004256   0x0000001a   Code   RO         6228    .text               mc_w.l(memcmp.o)
    0x08004270   0x00000038   Code   RO         6493    .text               mc_w.l(__0sscanf.o)
    0x080042a8   0x0000014c   Code   RO         6495    .text               mc_w.l(_scanf_int.o)
    0x080043f4   0x00000338   Code   RO         6497    .text               mc_w.l(scanf_fp.o)
    0x0800472c   0x0000014e   Code   RO         6501    .text               mf_w.l(dadd.o)
    0x0800487a   0x000000e4   Code   RO         6503    .text               mf_w.l(dmul.o)
    0x0800495e   0x000000de   Code   RO         6505    .text               mf_w.l(ddiv.o)
    0x08004a3c   0x00000022   Code   RO         6507    .text               mf_w.l(dflti.o)
    0x08004a5e   0x0000001a   Code   RO         6509    .text               mf_w.l(dfltui.o)
    0x08004a78   0x0000003e   Code   RO         6511    .text               mf_w.l(dfixi.o)
    0x08004ab6   0x00000026   Code   RO         6513    .text               mf_w.l(f2d.o)
    0x08004adc   0x0000002c   Code   RO         6569    .text               mc_w.l(uidiv.o)
    0x08004b08   0x00000062   Code   RO         6571    .text               mc_w.l(uldiv.o)
    0x08004b6a   0x0000001e   Code   RO         6573    .text               mc_w.l(llshl.o)
    0x08004b88   0x00000020   Code   RO         6575    .text               mc_w.l(llushr.o)
    0x08004ba8   0x00000024   Code   RO         6577    .text               mc_w.l(llsshr.o)
    0x08004bcc   0x0000001c   Code   RO         6586    .text               mc_w.l(_chval.o)
    0x08004be8   0x00000028   Code   RO         6588    .text               mc_w.l(scanf_char.o)
    0x08004c10   0x00000040   Code   RO         6590    .text               mc_w.l(_sgetc.o)
    0x08004c50   0x00000000   Code   RO         6592    .text               mc_w.l(iusefp.o)
    0x08004c50   0x000000ba   Code   RO         6593    .text               mf_w.l(depilogue.o)
    0x08004d0a   0x0000002e   Code   RO         6597    .text               mf_w.l(dscalb.o)
    0x08004d38   0x00000018   Code   RO         6599    .text               mf_w.l(dfltul.o)
    0x08004d50   0x00000030   Code   RO         6601    .text               mf_w.l(dfixul.o)
    0x08004d80   0x00000030   Code   RO         6603    .text               mf_w.l(cdrcmple.o)
    0x08004db0   0x00000038   Code   RO         6605    .text               mf_w.l(d2f.o)
    0x08004de8   0x00000024   Code   RO         6607    .text               mc_w.l(init.o)
    0x08004e0c   0x0000000a   Code   RO         6610    .text               mc_w.l(isspace_c.o)
    0x08004e16   0x00000002   PAD
    0x08004e18   0x0000032c   Code   RO         6612    .text               mc_w.l(_scanf.o)
    0x08005144   0x0000006e   Code   RO         6615    .text               mf_w.l(fepilogue.o)
    0x080051b2   0x000000a2   Code   RO         6617    .text               mf_w.l(dsqrt.o)
    0x08005254   0x00000028   Code   RO         6621    .text               mc_w.l(ctype_c.o)
    0x0800527c   0x00000056   Code   RO         6632    .text               mc_w.l(__dczerorl2.o)
    0x080052d2   0x00000002   PAD
    0x080052d4   0x00000010   Code   RO         4109    i.ADC_IRQHandler    stm32f4xx_it.o
    0x080052e4   0x0000016c   Code   RO         3833    i.ADC_Init          stm32f4xx_hal_adc.o
    0x08005450   0x000001c8   Code   RO         5640    i.ApPacketsetting   rf.o
    0x08005618   0x00000004   Code   RO         4110    i.BusFault_Handler  stm32f4xx_it.o
    0x0800561c   0x00000224   Code   RO         5450    i.CC2520_Reg_Init   rf_hal.o
    0x08005840   0x000000cc   Code   RO         5451    i.CC2520_get_data   rf_hal.o
    0x0800590c   0x000000e4   Code   RO         5452    i.CC2520_get_reg    rf_hal.o
    0x080059f0   0x000000c4   Code   RO         5453    i.CC2520_send_cmd   rf_hal.o
    0x08005ab4   0x000000dc   Code   RO         5454    i.CC2520_set_reg    rf_hal.o
    0x08005b90   0x00000010   Code   RO         4111    i.DMA1_Stream0_IRQHandler  stm32f4xx_it.o
    0x08005ba0   0x00000010   Code   RO         4112    i.DMA1_Stream1_IRQHandler  stm32f4xx_it.o
    0x08005bb0   0x00000010   Code   RO         4113    i.DMA1_Stream2_IRQHandler  stm32f4xx_it.o
    0x08005bc0   0x00000010   Code   RO         4114    i.DMA1_Stream3_IRQHandler  stm32f4xx_it.o
    0x08005bd0   0x00000010   Code   RO         4115    i.DMA1_Stream5_IRQHandler  stm32f4xx_it.o
    0x08005be0   0x00000010   Code   RO         4116    i.DMA1_Stream6_IRQHandler  stm32f4xx_it.o
    0x08005bf0   0x00000010   Code   RO         4117    i.DMA1_Stream7_IRQHandler  stm32f4xx_it.o
    0x08005c00   0x00000010   Code   RO         4118    i.DMA2_Stream0_IRQHandler  stm32f4xx_it.o
    0x08005c10   0x00000010   Code   RO         4119    i.DMA2_Stream1_IRQHandler  stm32f4xx_it.o
    0x08005c20   0x00000010   Code   RO         4120    i.DMA2_Stream2_IRQHandler  stm32f4xx_it.o
    0x08005c30   0x00000010   Code   RO         4121    i.DMA2_Stream3_IRQHandler  stm32f4xx_it.o
    0x08005c40   0x00000010   Code   RO         4122    i.DMA2_Stream6_IRQHandler  stm32f4xx_it.o
    0x08005c50   0x00000034   Code   RO         2295    i.DMA_CalcBaseAndBitshift  stm32f4xx_hal_dma.o
    0x08005c84   0x000000aa   Code   RO         2296    i.DMA_CheckFifoParam  stm32f4xx_hal_dma.o
    0x08005d2e   0x0000002c   Code   RO         2297    i.DMA_SetConfig     stm32f4xx_hal_dma.o
    0x08005d5a   0x00000002   Code   RO         4123    i.DebugMon_Handler  stm32f4xx_it.o
    0x08005d5c   0x00000014   Code   RO         4124    i.EXTI15_10_IRQHandler  stm32f4xx_it.o
    0x08005d70   0x0000000a   Code   RO         4125    i.EXTI2_IRQHandler  stm32f4xx_it.o
    0x08005d7a   0x0000000a   Code   RO         4126    i.EXTI4_IRQHandler  stm32f4xx_it.o
    0x08005d84   0x0000006c   Code   RO         1172    i.FLASH_Erase_Sector  stm32f4xx_hal_flash_ex.o
    0x08005df0   0x00000078   Code   RO         1173    i.FLASH_FlushCaches  stm32f4xx_hal_flash_ex.o
    0x08005e68   0x00000054   Code   RO         1174    i.FLASH_MassErase   stm32f4xx_hal_flash_ex.o
    0x08005ebc   0x00000024   Code   RO         2718    i.FLASH_Program_Byte  stm32f4xx_hal_flash.o
    0x08005ee0   0x0000002c   Code   RO         2719    i.FLASH_Program_DoubleWord  stm32f4xx_hal_flash.o
    0x08005f0c   0x00000028   Code   RO         2720    i.FLASH_Program_HalfWord  stm32f4xx_hal_flash.o
    0x08005f34   0x00000028   Code   RO         2721    i.FLASH_Program_Word  stm32f4xx_hal_flash.o
    0x08005f5c   0x000000b4   Code   RO         2722    i.FLASH_SetErrorCode  stm32f4xx_hal_flash.o
    0x08006010   0x00000064   Code   RO         2723    i.FLASH_WaitForLastOperation  stm32f4xx_hal_flash.o
    0x08006074   0x00000002   Code   RO         3729    i.HAL_ADCEx_InjectedConvCpltCallback  stm32f4xx_hal_adc_ex.o
    0x08006076   0x00000002   PAD
    0x08006078   0x00000194   Code   RO         3835    i.HAL_ADC_ConfigChannel  stm32f4xx_hal_adc.o
    0x0800620c   0x00000020   Code   RO         5272    i.HAL_ADC_ConvCpltCallback  gprs_4g_app.o
    0x0800622c   0x00000002   Code   RO         3839    i.HAL_ADC_ErrorCallback  stm32f4xx_hal_adc.o
    0x0800622e   0x00000008   Code   RO         3842    i.HAL_ADC_GetValue  stm32f4xx_hal_adc.o
    0x08006236   0x00000174   Code   RO         3843    i.HAL_ADC_IRQHandler  stm32f4xx_hal_adc.o
    0x080063aa   0x00000002   PAD
    0x080063ac   0x00000068   Code   RO         3844    i.HAL_ADC_Init      stm32f4xx_hal_adc.o
    0x08006414   0x00000002   Code   RO         3845    i.HAL_ADC_LevelOutOfWindowCallback  stm32f4xx_hal_adc.o
    0x08006416   0x00000002   PAD
    0x08006418   0x00000064   Code   RO         4001    i.HAL_ADC_MspInit   stm32f4xx_hal_msp.o
    0x0800647c   0x00000110   Code   RO         3852    i.HAL_ADC_Start_IT  stm32f4xx_hal_adc.o
    0x0800658c   0x00000048   Code   RO         3853    i.HAL_ADC_Stop      stm32f4xx_hal_adc.o
    0x080065d4   0x0000004e   Code   RO         3300    i.HAL_CRC_Calculate  stm32f4xx_hal_crc.o
    0x08006622   0x00000024   Code   RO         3303    i.HAL_CRC_Init      stm32f4xx_hal_crc.o
    0x08006646   0x00000002   PAD
    0x08006648   0x00000034   Code   RO         4003    i.HAL_CRC_MspInit   stm32f4xx_hal_msp.o
    0x0800667c   0x000000aa   Code   RO         2298    i.HAL_DMA_Abort     stm32f4xx_hal_dma.o
    0x08006726   0x00000028   Code   RO         2299    i.HAL_DMA_Abort_IT  stm32f4xx_hal_dma.o
    0x0800674e   0x00000002   PAD
    0x08006750   0x00000248   Code   RO         2303    i.HAL_DMA_IRQHandler  stm32f4xx_hal_dma.o
    0x08006998   0x000000ec   Code   RO         2304    i.HAL_DMA_Init      stm32f4xx_hal_dma.o
    0x08006a84   0x0000009e   Code   RO         2308    i.HAL_DMA_Start_IT  stm32f4xx_hal_dma.o
    0x08006b22   0x00000002   PAD
    0x08006b24   0x000000b0   Code   RO         1189    i.HAL_FLASHEx_Erase  stm32f4xx_hal_flash_ex.o
    0x08006bd4   0x00000014   Code   RO         2727    i.HAL_FLASH_Lock    stm32f4xx_hal_flash.o
    0x08006be8   0x00000098   Code   RO         2732    i.HAL_FLASH_Program  stm32f4xx_hal_flash.o
    0x08006c80   0x0000002c   Code   RO         2734    i.HAL_FLASH_Unlock  stm32f4xx_hal_flash.o
    0x08006cac   0x000000cc   Code   RO         5455    i.HAL_GPIO_EXTI_Callback  rf_hal.o
    0x08006d78   0x0000001c   Code   RO          542    i.HAL_GPIO_EXTI_IRQHandler  stm32f4xx_hal_gpio.o
    0x08006d94   0x0000021c   Code   RO          543    i.HAL_GPIO_Init     stm32f4xx_hal_gpio.o
    0x08006fb0   0x00000010   Code   RO          545    i.HAL_GPIO_ReadPin  stm32f4xx_hal_gpio.o
    0x08006fc0   0x00000008   Code   RO          546    i.HAL_GPIO_TogglePin  stm32f4xx_hal_gpio.o
    0x08006fc8   0x0000000c   Code   RO          547    i.HAL_GPIO_WritePin  stm32f4xx_hal_gpio.o
    0x08006fd4   0x0000000c   Code   RO          902    i.HAL_GetTick       stm32f4xx_hal.o
    0x08006fe0   0x00000002   Code   RO         2836    i.HAL_I2C_AbortCpltCallback  stm32f4xx_hal_i2c.o
    0x08006fe2   0x00000002   Code   RO         2837    i.HAL_I2C_AddrCallback  stm32f4xx_hal_i2c.o
    0x08006fe4   0x000000e4   Code   RO         2840    i.HAL_I2C_ER_IRQHandler  stm32f4xx_hal_i2c.o
    0x080070c8   0x00000178   Code   RO         2841    i.HAL_I2C_EV_IRQHandler  stm32f4xx_hal_i2c.o
    0x08007240   0x00000002   Code   RO         2843    i.HAL_I2C_ErrorCallback  stm32f4xx_hal_i2c.o
    0x08007242   0x00000002   PAD
    0x08007244   0x00000128   Code   RO         2847    i.HAL_I2C_Init      stm32f4xx_hal_i2c.o
    0x0800736c   0x00000002   Code   RO         2849    i.HAL_I2C_ListenCpltCallback  stm32f4xx_hal_i2c.o
    0x0800736e   0x00000002   Code   RO         2850    i.HAL_I2C_MasterRxCpltCallback  stm32f4xx_hal_i2c.o
    0x08007370   0x00000002   Code   RO         2851    i.HAL_I2C_MasterTxCpltCallback  stm32f4xx_hal_i2c.o
    0x08007372   0x00000002   PAD
    0x08007374   0x00000044   Code   RO         5862    i.HAL_I2C_MemRxCpltCallback  eeprom.o
    0x080073b8   0x000000a0   Code   RO         5863    i.HAL_I2C_MemTxCpltCallback  eeprom.o
    0x08007458   0x0000012c   Code   RO         4005    i.HAL_I2C_MspInit   stm32f4xx_hal_msp.o
    0x08007584   0x00000002   Code   RO         2871    i.HAL_I2C_SlaveRxCpltCallback  stm32f4xx_hal_i2c.o
    0x08007586   0x00000002   Code   RO         2872    i.HAL_I2C_SlaveTxCpltCallback  stm32f4xx_hal_i2c.o
    0x08007588   0x00000010   Code   RO          904    i.HAL_IncTick       stm32f4xx_hal.o
    0x08007598   0x0000003c   Code   RO          905    i.HAL_Init          stm32f4xx_hal.o
    0x080075d4   0x00000028   Code   RO          906    i.HAL_InitTick      stm32f4xx_hal.o
    0x080075fc   0x00000056   Code   RO         4006    i.HAL_MspInit       stm32f4xx_hal_msp.o
    0x08007652   0x0000001a   Code   RO         2160    i.HAL_NVIC_EnableIRQ  stm32f4xx_hal_cortex.o
    0x0800766c   0x0000007c   Code   RO         2166    i.HAL_NVIC_SetPriority  stm32f4xx_hal_cortex.o
    0x080076e8   0x00000028   Code   RO         2167    i.HAL_NVIC_SetPriorityGrouping  stm32f4xx_hal_cortex.o
    0x08007710   0x00000044   Code   RO         2168    i.HAL_NVIC_SystemReset  stm32f4xx_hal_cortex.o
    0x08007754   0x00000370   Code   RO          847    i.HAL_RCCEx_PeriphCLKConfig  stm32f4xx_hal_rcc_ex.o
    0x08007ac4   0x000001d0   Code   RO         1323    i.HAL_RCC_ClockConfig  stm32f4xx_hal_rcc.o
    0x08007c94   0x0000000c   Code   RO         1328    i.HAL_RCC_GetHCLKFreq  stm32f4xx_hal_rcc.o
    0x08007ca0   0x0000002c   Code   RO         1330    i.HAL_RCC_GetPCLK1Freq  stm32f4xx_hal_rcc.o
    0x08007ccc   0x0000002c   Code   RO         1331    i.HAL_RCC_GetPCLK2Freq  stm32f4xx_hal_rcc.o
    0x08007cf8   0x000000b4   Code   RO         1332    i.HAL_RCC_GetSysClockFreq  stm32f4xx_hal_rcc.o
    0x08007dac   0x0000044c   Code   RO         1335    i.HAL_RCC_OscConfig  stm32f4xx_hal_rcc.o
    0x080081f8   0x00000012   Code   RO         3360    i.HAL_RTCEx_BKUPRead  stm32f4xx_hal_rtc_ex.o
    0x0800820a   0x00000012   Code   RO         3361    i.HAL_RTCEx_BKUPWrite  stm32f4xx_hal_rtc_ex.o
    0x0800821c   0x0000004c   Code   RO         3592    i.HAL_RTC_GetDate   stm32f4xx_hal_rtc.o
    0x08008268   0x00000060   Code   RO         3594    i.HAL_RTC_GetTime   stm32f4xx_hal_rtc.o
    0x080082c8   0x000000b4   Code   RO         3595    i.HAL_RTC_Init      stm32f4xx_hal_rtc.o
    0x0800837c   0x00000018   Code   RO         4008    i.HAL_RTC_MspInit   stm32f4xx_hal_msp.o
    0x08008394   0x00000114   Code   RO         3601    i.HAL_RTC_SetDate   stm32f4xx_hal_rtc.o
    0x080084a8   0x00000134   Code   RO         3602    i.HAL_RTC_SetTime   stm32f4xx_hal_rtc.o
    0x080085dc   0x0000003a   Code   RO         3603    i.HAL_RTC_WaitForSynchro  stm32f4xx_hal_rtc.o
    0x08008616   0x0000008c   Code   RO         2412    i.HAL_SPI_Init      stm32f4xx_hal_spi.o
    0x080086a2   0x00000002   PAD
    0x080086a4   0x00000294   Code   RO         4010    i.HAL_SPI_MspInit   stm32f4xx_hal_msp.o
    0x08008938   0x0000016c   Code   RO         2415    i.HAL_SPI_Receive   stm32f4xx_hal_spi.o
    0x08008aa4   0x000001a6   Code   RO         2420    i.HAL_SPI_Transmit  stm32f4xx_hal_spi.o
    0x08008c4a   0x0000021e   Code   RO         2421    i.HAL_SPI_TransmitReceive  stm32f4xx_hal_spi.o
    0x08008e68   0x00000028   Code   RO         2169    i.HAL_SYSTICK_CLKSourceConfig  stm32f4xx_hal_cortex.o
    0x08008e90   0x0000011c   Code   RO         5641    i.HAL_SYSTICK_Callback  rf.o
    0x08008fac   0x00000034   Code   RO         2171    i.HAL_SYSTICK_Config  stm32f4xx_hal_cortex.o
    0x08008fe0   0x00000008   Code   RO         2172    i.HAL_SYSTICK_IRQHandler  stm32f4xx_hal_cortex.o
    0x08008fe8   0x00000062   Code   RO          623    i.HAL_TIMEx_MasterConfigSynchronization  stm32f4xx_hal_tim_ex.o
    0x0800904a   0x00000034   Code   RO         1426    i.HAL_TIM_Base_Init  stm32f4xx_hal_tim.o
    0x0800907e   0x00000002   PAD
    0x08009080   0x00000030   Code   RO         4012    i.HAL_TIM_Base_MspInit  stm32f4xx_hal_msp.o
    0x080090b0   0x0000001e   Code   RO         1429    i.HAL_TIM_Base_Start  stm32f4xx_hal_tim.o
    0x080090ce   0x00000132   Code   RO         1435    i.HAL_TIM_ConfigClockSource  stm32f4xx_hal_tim.o
    0x08009200   0x00000002   Code   RO          230    i.HAL_UART_ErrorCallback  stm32f4xx_hal_uart.o
    0x08009202   0x00000002   PAD
    0x08009204   0x0000014c   Code   RO          233    i.HAL_UART_IRQHandler  stm32f4xx_hal_uart.o
    0x08009350   0x00000072   Code   RO          234    i.HAL_UART_Init     stm32f4xx_hal_uart.o
    0x080093c2   0x00000002   PAD
    0x080093c4   0x00000318   Code   RO         4014    i.HAL_UART_MspInit  stm32f4xx_hal_msp.o
    0x080096dc   0x000000c4   Code   RO          238    i.HAL_UART_Receive_DMA  stm32f4xx_hal_uart.o
    0x080097a0   0x00000002   Code   RO          240    i.HAL_UART_RxCpltCallback  stm32f4xx_hal_uart.o
    0x080097a2   0x00000002   Code   RO          241    i.HAL_UART_RxHalfCpltCallback  stm32f4xx_hal_uart.o
    0x080097a4   0x0000009c   Code   RO          243    i.HAL_UART_Transmit_DMA  stm32f4xx_hal_uart.o
    0x08009840   0x00000020   Code   RO         4866    i.HAL_UART_TxCpltCallback  to_n1.o
    0x08009860   0x00000002   Code   RO          246    i.HAL_UART_TxHalfCpltCallback  stm32f4xx_hal_uart.o
    0x08009862   0x00000004   Code   RO         4127    i.HardFault_Handler  stm32f4xx_it.o
    0x08009866   0x00000002   PAD
    0x08009868   0x00000010   Code   RO         4128    i.I2C1_ER_IRQHandler  stm32f4xx_it.o
    0x08009878   0x00000010   Code   RO         4129    i.I2C1_EV_IRQHandler  stm32f4xx_it.o
    0x08009888   0x00000068   Code   RO         2881    i.I2C_DMAAbort      stm32f4xx_hal_i2c.o
    0x080098f0   0x00000170   Code   RO         2884    i.I2C_ITError       stm32f4xx_hal_i2c.o
    0x08009a60   0x000000f8   Code   RO         2886    i.I2C_MasterReceive_BTF  stm32f4xx_hal_i2c.o
    0x08009b58   0x000000c8   Code   RO         2887    i.I2C_MasterReceive_RXNE  stm32f4xx_hal_i2c.o
    0x08009c20   0x000000a0   Code   RO         2890    i.I2C_MasterTransmit_BTF  stm32f4xx_hal_i2c.o
    0x08009cc0   0x0000014a   Code   RO         2891    i.I2C_MasterTransmit_TXE  stm32f4xx_hal_i2c.o
    0x08009e0a   0x0000000e   Code   RO         2892    i.I2C_Master_ADD10  stm32f4xx_hal_i2c.o
    0x08009e18   0x0000022e   Code   RO         2893    i.I2C_Master_ADDR   stm32f4xx_hal_i2c.o
    0x0800a046   0x00000082   Code   RO         2894    i.I2C_Master_SB     stm32f4xx_hal_i2c.o
    0x0800a0c8   0x0000001e   Code   RO         2897    i.I2C_SlaveReceive_BTF  stm32f4xx_hal_i2c.o
    0x0800a0e6   0x00000048   Code   RO         2898    i.I2C_SlaveReceive_RXNE  stm32f4xx_hal_i2c.o
    0x0800a12e   0x0000001c   Code   RO         2899    i.I2C_SlaveTransmit_BTF  stm32f4xx_hal_i2c.o
    0x0800a14a   0x00000046   Code   RO         2900    i.I2C_SlaveTransmit_TXE  stm32f4xx_hal_i2c.o
    0x0800a190   0x00000036   Code   RO         2901    i.I2C_Slave_ADDR    stm32f4xx_hal_i2c.o
    0x0800a1c6   0x00000002   PAD
    0x0800a1c8   0x000000a4   Code   RO         2902    i.I2C_Slave_AF      stm32f4xx_hal_i2c.o
    0x0800a26c   0x00000110   Code   RO         2903    i.I2C_Slave_STOPF   stm32f4xx_hal_i2c.o
    0x0800a37c   0x00000018   Code   RO         6087    i.Is_Leap_Year      timer_and_realtime_data.o
    0x0800a394   0x0000015c   Code   RO         4311    i.MX_ADC1_Init      main.o
    0x0800a4f0   0x00000034   Code   RO         4312    i.MX_CRC_Init       main.o
    0x0800a524   0x00000108   Code   RO         4313    i.MX_DMA_Init       main.o
    0x0800a62c   0x0000053c   Code   RO         4314    i.MX_GPIO_Init      main.o
    0x0800ab68   0x00000054   Code   RO         4315    i.MX_I2C1_Init      main.o
    0x0800abbc   0x000000bc   Code   RO         4316    i.MX_RTC_Init       main.o
    0x0800ac78   0x0000005c   Code   RO         4317    i.MX_SPI1_Init      main.o
    0x0800acd4   0x0000005c   Code   RO         4318    i.MX_SPI3_Init      main.o
    0x0800ad30   0x0000005c   Code   RO         4319    i.MX_SPI4_Init      main.o
    0x0800ad8c   0x0000005c   Code   RO         4320    i.MX_SPI5_Init      main.o
    0x0800ade8   0x00000080   Code   RO         4321    i.MX_TIM2_Init      main.o
    0x0800ae68   0x0000004c   Code   RO         4322    i.MX_USART2_UART_Init  main.o
    0x0800aeb4   0x0000004c   Code   RO         4323    i.MX_USART3_UART_Init  main.o
    0x0800af00   0x0000004c   Code   RO         4324    i.MX_USART6_UART_Init  main.o
    0x0800af4c   0x00000004   Code   RO         4130    i.MemManage_Handler  stm32f4xx_it.o
    0x0800af50   0x00000002   Code   RO         4131    i.NMI_Handler       stm32f4xx_it.o
    0x0800af52   0x00000002   PAD
    0x0800af54   0x00000010   Code   RO         2173    i.NVIC_GetPriorityGrouping  stm32f4xx_hal_cortex.o
    0x0800af64   0x00000028   Code   RO         2174    i.NVIC_SetPriority  stm32f4xx_hal_cortex.o
    0x0800af8c   0x00000002   Code   RO         4132    i.PendSV_Handler    stm32f4xx_it.o
    0x0800af8e   0x00000016   Code   RO         3604    i.RTC_Bcd2ToByte    stm32f4xx_hal_rtc.o
    0x0800afa4   0x0000001a   Code   RO         3605    i.RTC_ByteToBcd2    stm32f4xx_hal_rtc.o
    0x0800afbe   0x0000003e   Code   RO         3606    i.RTC_EnterInitMode  stm32f4xx_hal_rtc.o
    0x0800affc   0x00000028   Code   RO         2436    i.SPI_CheckFlag_BSY  stm32f4xx_hal_spi.o
    0x0800b024   0x000000aa   Code   RO         2454    i.SPI_WaitFlagStateUntilTimeout  stm32f4xx_hal_spi.o
    0x0800b0ce   0x00000002   Code   RO         4133    i.SVC_Handler       stm32f4xx_it.o
    0x0800b0d0   0x0000000c   Code   RO         4134    i.SysTick_Handler   stm32f4xx_it.o
    0x0800b0dc   0x00000100   Code   RO         4325    i.SystemClock_Config  main.o
    0x0800b1dc   0x00000064   Code   RO            5    i.SystemInit        system_stm32f4xx.o
    0x0800b240   0x000000e4   Code   RO         1510    i.TIM_Base_SetConfig  stm32f4xx_hal_tim.o
    0x0800b324   0x00000018   Code   RO         1517    i.TIM_ETR_SetConfig  stm32f4xx_hal_tim.o
    0x0800b33c   0x00000014   Code   RO         1518    i.TIM_ITRx_SetConfig  stm32f4xx_hal_tim.o
    0x0800b350   0x0000002a   Code   RO         1524    i.TIM_TI1_ConfigInputStage  stm32f4xx_hal_tim.o
    0x0800b37a   0x0000002c   Code   RO         1526    i.TIM_TI2_ConfigInputStage  stm32f4xx_hal_tim.o
    0x0800b3a6   0x00000014   Code   RO          247    i.UART_DMAAbortOnError  stm32f4xx_hal_uart.o
    0x0800b3ba   0x00000050   Code   RO          248    i.UART_DMAError     stm32f4xx_hal_uart.o
    0x0800b40a   0x00000046   Code   RO          249    i.UART_DMAReceiveCplt  stm32f4xx_hal_uart.o
    0x0800b450   0x0000000e   Code   RO          251    i.UART_DMARxHalfCplt  stm32f4xx_hal_uart.o
    0x0800b45e   0x00000036   Code   RO          253    i.UART_DMATransmitCplt  stm32f4xx_hal_uart.o
    0x0800b494   0x0000000e   Code   RO          255    i.UART_DMATxHalfCplt  stm32f4xx_hal_uart.o
    0x0800b4a2   0x00000020   Code   RO          257    i.UART_EndRxTransfer  stm32f4xx_hal_uart.o
    0x0800b4c2   0x00000020   Code   RO          258    i.UART_EndTransmit_IT  stm32f4xx_hal_uart.o
    0x0800b4e2   0x00000014   Code   RO          259    i.UART_EndTxTransfer  stm32f4xx_hal_uart.o
    0x0800b4f6   0x0000009a   Code   RO          260    i.UART_Receive_IT   stm32f4xx_hal_uart.o
    0x0800b590   0x00000368   Code   RO          261    i.UART_SetConfig    stm32f4xx_hal_uart.o
    0x0800b8f8   0x00000068   Code   RO          262    i.UART_Transmit_IT  stm32f4xx_hal_uart.o
    0x0800b960   0x00000040   Code   RO         4135    i.USART2_IRQHandler  stm32f4xx_it.o
    0x0800b9a0   0x00000040   Code   RO         4136    i.USART3_IRQHandler  stm32f4xx_it.o
    0x0800b9e0   0x00000040   Code   RO         4137    i.USART6_IRQHandler  stm32f4xx_it.o
    0x0800ba20   0x00000004   Code   RO         4138    i.UsageFault_Handler  stm32f4xx_it.o
    0x0800ba24   0x00000004   Code   RO         4326    i._Error_Handler    main.o
    0x0800ba28   0x00000028   Code   RO         6467    i.__0sprintf        mc_w.l(printfa.o)
    0x0800ba50   0x00000030   Code   RO         6535    i.__ARM_fpclassify  m_wm.l(fpclassify.o)
    0x0800ba80   0x00000c50   Code   RO         6203    i.__hardfp_pow      m_wm.l(pow.o)
    0x0800c6d0   0x000000f8   Code   RO         6537    i.__kernel_poly     m_wm.l(poly.o)
    0x0800c7c8   0x00000030   Code   RO         6515    i.__mathlib_dbl_divzero  m_wm.l(dunder.o)
    0x0800c7f8   0x00000014   Code   RO         6517    i.__mathlib_dbl_infnan2  m_wm.l(dunder.o)
    0x0800c80c   0x00000004   PAD
    0x0800c810   0x00000020   Code   RO         6518    i.__mathlib_dbl_invalid  m_wm.l(dunder.o)
    0x0800c830   0x00000020   Code   RO         6519    i.__mathlib_dbl_overflow  m_wm.l(dunder.o)
    0x0800c850   0x00000020   Code   RO         6521    i.__mathlib_dbl_underflow  m_wm.l(dunder.o)
    0x0800c870   0x0000000e   Code   RO         6626    i.__scatterload_copy  mc_w.l(handlers.o)
    0x0800c87e   0x00000002   Code   RO         6627    i.__scatterload_null  mc_w.l(handlers.o)
    0x0800c880   0x0000000e   Code   RO         6628    i.__scatterload_zeroinit  mc_w.l(handlers.o)
    0x0800c88e   0x00000002   PAD
    0x0800c890   0x0000000c   Code   RO         6581    i.__set_errno       mc_w.l(errno.o)
    0x0800c89c   0x00000184   Code   RO         6472    i._fp_digits        mc_w.l(printfa.o)
    0x0800ca20   0x0000000e   Code   RO         6499    i._is_digit         mc_w.l(scanf_fp.o)
    0x0800ca2e   0x00000002   PAD
    0x0800ca30   0x000006dc   Code   RO         6473    i._printf_core      mc_w.l(printfa.o)
    0x0800d10c   0x00000024   Code   RO         6474    i._printf_post_padding  mc_w.l(printfa.o)
    0x0800d130   0x0000002e   Code   RO         6475    i._printf_pre_padding  mc_w.l(printfa.o)
    0x0800d15e   0x0000000a   Code   RO         6477    i._sputc            mc_w.l(printfa.o)
    0x0800d168   0x0000005c   Code   RO         5046    i.add_4g_data_len   gprs_comm.o
    0x0800d1c4   0x00000028   Code   RO         5977    i.add_sensor_cfg    rf_data_handle.o
    0x0800d1ec   0x00000258   Code   RO         5273    i.auto_cfg_poll     gprs_4g_app.o
    0x0800d444   0x0000005c   Code   RO         5978    i.calc_event_time_ms  rf_data_handle.o
    0x0800d4a0   0x000007cc   Code   RO         5979    i.calc_sensor_event  rf_data_handle.o
    0x0800dc6c   0x00000034   Code   RO         5980    i.calc_speed        rf_data_handle.o
    0x0800dca0   0x00000002   Code   RO         5981    i.car_len_calc      rf_data_handle.o
    0x0800dca2   0x00000002   PAD
    0x0800dca4   0x00000044   Code   RO         4926    i.check_firmware_header  from_n1_store_s_rp_frimware.o
    0x0800dce8   0x00000050   Code   RO         5647    i.check_recode_data_if_repeat  rf.o
    0x0800dd38   0x000000b4   Code   RO         5772    i.check_update_s_rp_list  update_s_rp.o
    0x0800ddec   0x00000020   Code   RO         5648    i.clear_recode      rf.o
    0x0800de0c   0x000006bc   Code   RO         5274    i.cmp_sensor_cgfgparam_and_realparam  gprs_4g_app.o
    0x0800e4c8   0x00000080   Code   RO         4461    i.copy_string_to_double_buff  debug_uart.o
    0x0800e548   0x00000022   Code   RO         4867    i.crc16             to_n1.o
    0x0800e56a   0x00000002   PAD
    0x0800e56c   0x00000018   Code   RO         4868    i.crc16_byte        to_n1.o
    0x0800e584   0x00000028   Code   RO         4462    i.debug_cmd_handle  debug_uart.o
    0x0800e5ac   0x000001c0   Code   RO         4749    i.debug_insert_sensor_event  debug.o
    0x0800e76c   0x0000011c   Code   RO         4463    i.debug_send_double_buff_poll  debug_uart.o
    0x0800e888   0x00000048   Code   RO         4464    i.debug_send_list_sensor_buff  debug_uart.o
    0x0800e8d0   0x00000794   Code   RO         4750    i.debug_sensor_event_to_str  debug.o
    0x0800f064   0x00000110   Code   RO         6088    i.dtu_ack_r_fun     timer_and_realtime_data.o
    0x0800f174   0x000000d8   Code   RO         5048    i.dtu_cmd_param     gprs_comm.o
    0x0800f24c   0x0000006c   Code   RO         6089    i.dz_car_len_adjust_car_zhou  timer_and_realtime_data.o
    0x0800f2b8   0x000001f0   Code   RO         6090    i.dz_dorp_near_lane_error  timer_and_realtime_data.o
    0x0800f4a8   0x00000060   Code   RO         4465    i.enable_ack        debug_uart.o
    0x0800f508   0x00000078   Code   RO         4466    i.enable_gprs_print_tx_rx_data  debug_uart.o
    0x0800f580   0x00000074   Code   RO         4467    i.enable_print_sensor_event_fun  debug_uart.o
    0x0800f5f4   0x00000070   Code   RO         4468    i.enable_print_updata  debug_uart.o
    0x0800f664   0x00000074   Code   RO         4469    i.enable_rf_print_sensor_event  debug_uart.o
    0x0800f6d8   0x00000014   Code   RO         5773    i.enable_rp_update  update_s_rp.o
    0x0800f6ec   0x00000014   Code   RO         5774    i.enable_sensor_update  update_s_rp.o
    0x0800f700   0x00000060   Code   RO         4470    i.enable_syn        debug_uart.o
    0x0800f760   0x00000018   Code   RO         6531    i.fabs              m_wm.l(fabs.o)
    0x0800f778   0x000000d4   Code   RO         5982    i.find_sensor_index_from_lane_to_xx  rf_data_handle.o
    0x0800f84c   0x000000c4   Code   RO         4783    i.from_n1_data_handle  from_n1.o
    0x0800f910   0x00000070   Code   RO         4471    i.func_enable_print_crc_error  debug_uart.o
    0x0800f980   0x00000084   Code   RO         4472    i.func_enable_test_send_updata_packet  debug_uart.o
    0x0800fa04   0x0000005c   Code   RO         5049    i.get_4g_data_buff  gprs_comm.o
    0x0800fa60   0x0000006c   Code   RO         5050    i.get_4g_data_buff_max  gprs_comm.o
    0x0800facc   0x00000090   Code   RO         4473    i.get_ap_param      debug_uart.o
    0x0800fb5c   0x00000048   Code   RO         4474    i.get_cmd           debug_uart.o
    0x0800fba4   0x00000050   Code   RO         4869    i.get_from_n1_buff  to_n1.o
    0x0800fbf4   0x0000000e   Code   RO         4475    i.get_gprs_stat     debug_uart.o
    0x0800fc02   0x00000002   PAD
    0x0800fc04   0x00000094   Code   RO         4476    i.get_q_string      debug_uart.o
    0x0800fc98   0x0000005c   Code   RO         6091    i.get_realtime_data_queue_hasdata_len  timer_and_realtime_data.o
    0x0800fcf4   0x0000000e   Code   RO         4477    i.get_rf_stat       debug_uart.o
    0x0800fd02   0x00000002   PAD
    0x0800fd04   0x00000060   Code   RO         5775    i.get_s_rp_input_update_stat  update_s_rp.o
    0x0800fd64   0x000000e8   Code   RO         6092    i.get_sec_from_rtc  timer_and_realtime_data.o
    0x0800fe4c   0x00000014   Code   RO         4478    i.get_sensor        debug_uart.o
    0x0800fe60   0x00000038   Code   RO         5649    i.get_slot_num      rf.o
    0x0800fe98   0x00000070   Code   RO         4479    i.get_str_param     debug_uart.o
    0x0800ff08   0x000000e4   Code   RO         5275    i.gprs_4g_heart     gprs_4g_app.o
    0x0800ffec   0x00000020   Code   RO         5276    i.gprs_4g_task_poll  gprs_4g_app.o
    0x0801000c   0x00000018   Code   RO         5052    i.gprs_at_get_CGREG  gprs_comm.o
    0x08010024   0x00000014   Code   RO         5054    i.gprs_at_init      gprs_comm.o
    0x08010038   0x00000034   Code   RO         5055    i.gprs_at_tcp_close  gprs_comm.o
    0x0801006c   0x00000068   Code   RO         5056    i.gprs_at_tcp_conn  gprs_comm.o
    0x080100d4   0x0000017c   Code   RO         5057    i.gprs_data_handle  gprs_comm.o
    0x08010250   0x000000f0   Code   RO         5058    i.gprs_get_cmd_param  gprs_comm.o
    0x08010340   0x000007a4   Code   RO         5059    i.gprs_main_call    gprs_comm.o
    0x08010ae4   0x0000000c   Code   RO         5060    i.gprs_reboot       gprs_comm.o
    0x08010af0   0x00000914   Code   RO         5063    i.gprs_str_cmd_handle  gprs_comm.o
    0x08011404   0x0000001c   Code   RO         5064    i.gprs_str_copy_to_queue  gprs_comm.o
    0x08011420   0x00000044   Code   RO         5065    i.gprs_str_read_queue  gprs_comm.o
    0x08011464   0x000000b4   Code   RO         5066    i.gprs_str_to_int   gprs_comm.o
    0x08011518   0x00000050   Code   RO         5067    i.gprs_str_write_queue  gprs_comm.o
    0x08011568   0x00000030   Code   RO         5068    i.gprs_uart_send_string  gprs_comm.o
    0x08011598   0x00000070   Code   RO         5069    i.gps_set_rtc       gprs_comm.o
    0x08011608   0x00000024   Code   RO         4991    i.grps_power_off    gprs_hal.o
    0x0801162c   0x0000002c   Code   RO         4992    i.grps_power_on     gprs_hal.o
    0x08011658   0x00000050   Code   RO         5070    i.heart_timeout     gprs_comm.o
    0x080116a8   0x00000010   Code   RO         4480    i.help              debug_uart.o
    0x080116b8   0x000000a4   Code   RO         5831    i.init_ap_param     ap_param.o
    0x0801175c   0x0000003c   Code   RO         6093    i.init_realtime_data_queue  timer_and_realtime_data.o
    0x08011798   0x00000168   Code   RO         5983    i.insert_rp_stat_packet  rf_data_handle.o
    0x08011900   0x00000938   Code   RO         5984    i.insert_sensor_event  rf_data_handle.o
    0x08012238   0x000000ec   Code   RO         5985    i.insert_sensor_stat_packet  rf_data_handle.o
    0x08012324   0x00000138   Code   RO         4870    i.insert_to_n1_buff  to_n1.o
    0x0801245c   0x00000014   Code   RO         4993    i.led_1_close       gprs_hal.o
    0x08012470   0x00000534   Code   RO         5277    i.load_sys_param_to_use_table  gprs_4g_app.o
    0x080129a4   0x000000a0   Code   RO         4327    i.main              main.o
    0x08012a44   0x00000024   Code   RO         5650    i.make_ack          rf.o
    0x08012a68   0x000000a8   Code   RO         5651    i.make_data_to_n1   rf.o
    0x08012b10   0x00000064   Code   RO         5071    i.make_gprs_stat    gprs_comm.o
    0x08012b74   0x000008ee   Code   RO         5986    i.make_list_sensor_debug_data  rf_data_handle.o
    0x08013462   0x00000002   PAD
    0x08013464   0x000000bc   Code   RO         5652    i.make_result_test_1000p  rf.o
    0x08013520   0x000000fc   Code   RO         5457    i.make_rf_stat      rf_hal.o
    0x0801361c   0x0000017c   Code   RO         5987    i.make_sensor_car_count_debug_data  rf_data_handle.o
    0x08013798   0x00000528   Code   RO         5988    i.make_timer_statistics_data  rf_data_handle.o
    0x08013cc0   0x00000020   Code   RO         4784    i.n1_get_2g_stat    from_n1.o
    0x08013ce0   0x00000020   Code   RO         4785    i.n1_get_ap_pram    from_n1.o
    0x08013d00   0x0000001c   Code   RO         4786    i.n1_send_2g_data   from_n1.o
    0x08013d1c   0x0000007c   Code   RO         4787    i.n1_set_ap_pram    from_n1.o
    0x08013d98   0x00000020   Code   RO         4788    i.n1_set_rp_param   from_n1.o
    0x08013db8   0x00000020   Code   RO         4789    i.n1_set_s_param    from_n1.o
    0x08013dd8   0x0000010c   Code   RO         5278    i.poll_auto_cfg_4G_task  gprs_4g_app.o
    0x08013ee4   0x00000188   Code   RO         5279    i.poll_sysparam_4G_task  gprs_4g_app.o
    0x0801406c   0x00000028   Code   RO         6094    i.poll_to_4g_realtime_data  timer_and_realtime_data.o
    0x08014094   0x00000064   Code   RO         4481    i.print_event_insert_enable  debug_uart.o
    0x080140f8   0x00000064   Code   RO         4483    i.print_one_car_enable  debug_uart.o
    0x0801415c   0x0000003c   Code   RO         4484    i.print_version     debug_uart.o
    0x08014198   0x00000064   Code   RO         6095    i.qianfang_lane_to_his_lane  timer_and_realtime_data.o
    0x080141fc   0x00000014   Code   RO         4751    i.re_start_sensor_event_record  debug.o
    0x08014210   0x00000168   Code   RO         5936    i.read_ap_param_flash  flash.o
    0x08014378   0x000000f8   Code   RO         4928    i.read_firmware_rp_head  from_n1_store_s_rp_frimware.o
    0x08014470   0x000000ec   Code   RO         4929    i.read_firmware_sensor_head  from_n1_store_s_rp_frimware.o
    0x0801455c   0x00000078   Code   RO         6096    i.realtime_data_read_queue  timer_and_realtime_data.o
    0x080145d4   0x00000090   Code   RO         6097    i.realtime_data_write_queue  timer_and_realtime_data.o
    0x08014664   0x00000370   Code   RO         4930    i.receive_rp_sensor_firmware  from_n1_store_s_rp_frimware.o
    0x080149d4   0x00000030   Code   RO         4485    i.restart_sensor    debug_uart.o
    0x08014a04   0x000000ec   Code   RO         5280    i.rev_4g_server_ap_firmware  gprs_4g_app.o
    0x08014af0   0x000000a0   Code   RO         5281    i.rev_4g_server_rp_firmware  gprs_4g_app.o
    0x08014b90   0x000000a0   Code   RO         5282    i.rev_4g_server_s_firmware  gprs_4g_app.o
    0x08014c30   0x000000c0   Code   RO         5283    i.rev_sys_param     gprs_4g_app.o
    0x08014cf0   0x0000000e   Code   RO         5458    i.rf_cmd_tx         rf_hal.o
    0x08014cfe   0x00000002   PAD
    0x08014d00   0x00000068   Code   RO         5459    i.rf_cs_off         rf_hal.o
    0x08014d68   0x00000300   Code   RO         5460    i.rf_fast_init      rf_hal.o
    0x08015068   0x000002e8   Code   RO         5461    i.rf_init           rf_hal.o
    0x08015350   0x0000012c   Code   RO         5462    i.rf_io_tx          rf_hal.o
    0x0801547c   0x00000484   Code   RO         5463    i.rf_io_tx_4        rf_hal.o
    0x08015900   0x00000134   Code   RO         5464    i.rf_manage         rf_hal.o
    0x08015a34   0x0000007c   Code   RO         5465    i.rf_power_off      rf_hal.o
    0x08015ab0   0x00000074   Code   RO         5466    i.rf_power_on       rf_hal.o
    0x08015b24   0x00000022   Code   RO         5467    i.rf_power_reset    rf_hal.o
    0x08015b46   0x00000002   PAD
    0x08015b48   0x000000d8   Code   RO         5653    i.rf_rev_1000p_test  rf.o
    0x08015c20   0x000002f8   Code   RO         5468    i.rf_rx             rf_hal.o
    0x08015f18   0x00000438   Code   RO         5654    i.rf_rx_data_handle  rf.o
    0x08016350   0x00000100   Code   RO         5469    i.rf_rx_voerflow_check  rf_hal.o
    0x08016450   0x0000001c   Code   RO         5470    i.rf_satt_init      rf_hal.o
    0x0801646c   0x000000d4   Code   RO         5471    i.rf_scan_channel   rf_hal.o
    0x08016540   0x00000074   Code   RO         4486    i.rf_send           debug_uart.o
    0x080165b4   0x00000240   Code   RO         5472    i.rf_send_1000p     rf_hal.o
    0x080167f4   0x00000220   Code   RO         5655    i.rf_send_ack_packet  rf.o
    0x08016a14   0x0000032c   Code   RO         5656    i.rf_send_syn_packet  rf.o
    0x08016d40   0x000001b4   Code   RO         5657    i.rf_send_updata_packet  rf.o
    0x08016ef4   0x000000fc   Code   RO         5776    i.rf_send_update_packet  update_s_rp.o
    0x08016ff0   0x00000046   Code   RO         5473    i.rf_set_channel    rf_hal.o
    0x08017036   0x00000002   PAD
    0x08017038   0x000000d8   Code   RO         5475    i.rf_write_buff     rf_hal.o
    0x08017110   0x0000006c   Code   RO         4487    i.scan_channel_ebale  debug_uart.o
    0x0801717c   0x0000007c   Code   RO         5284    i.send_4g_firmware_ack  gprs_4g_app.o
    0x080171f8   0x00000128   Code   RO         5285    i.send_4g_heart_pacekt  gprs_4g_app.o
    0x08017320   0x000002c0   Code   RO         5286    i.send_4g_sensor_rp_updata_stat  gprs_4g_app.o
    0x080175e0   0x0000007c   Code   RO         5287    i.send_4g_sys_param_ack  gprs_4g_app.o
    0x0801765c   0x000001a0   Code   RO         5288    i.send_4g_sys_param_table  gprs_4g_app.o
    0x080177fc   0x00000294   Code   RO         5290    i.send_4g_timer_data_sensor  gprs_4g_app.o
    0x08017a90   0x00000348   Code   RO         5291    i.send_4g_timer_stat_qianfang  gprs_4g_app.o
    0x08017dd8   0x00000534   Code   RO         5292    i.send_4g_timer_stat_sensor  gprs_4g_app.o
    0x0801830c   0x00000024   Code   RO         4488    i.send_gprs_200     debug_uart.o
    0x08018330   0x00000002   Code   RO         5074    i.send_gprs_200_    gprs_comm.o
    0x08018332   0x00000006   Code   RO         5075    i.send_gprs_data    gprs_comm.o
    0x08018338   0x00000228   Code   RO         6098    i.send_to_4g_realtime_data  timer_and_realtime_data.o
    0x08018560   0x00000154   Code   RO         6099    i.sensor_data_and_stat_timer_task  timer_and_realtime_data.o
    0x080186b4   0x00000768   Code   RO         5989    i.sensor_event_and_stat_hanle  rf_data_handle.o
    0x08018e1c   0x00000334   Code   RO         5777    i.sensor_rp_updata_manage  update_s_rp.o
    0x08019150   0x00000568   Code   RO         5293    i.server_4g_data_hanle  gprs_4g_app.o
    0x080196b8   0x00000064   Code   RO         4489    i.set_debug_type    debug_uart.o
    0x0801971c   0x00000048   Code   RO         4490    i.set_debug_type1   debug_uart.o
    0x08019764   0x00000090   Code   RO         4491    i.set_lane          debug_uart.o
    0x080197f4   0x00000054   Code   RO         4492    i.set_rev_syn_print_db  debug_uart.o
    0x08019848   0x0000009c   Code   RO         4493    i.set_rf_mode       debug_uart.o
    0x080198e4   0x00000050   Code   RO         4494    i.set_rp_ch         debug_uart.o
    0x08019934   0x00000054   Code   RO         4495    i.set_rp_slot       debug_uart.o
    0x08019988   0x000000bc   Code   RO         4496    i.setrfch           debug_uart.o
    0x08019a44   0x00000040   Code   RO         5476    i.spi_to_index      rf_hal.o
    0x08019a84   0x0000006e   Code   RO         6542    i.sqrt              m_wm.l(sqrt.o)
    0x08019af2   0x00000002   PAD
    0x08019af4   0x00000028   Code   RO         4497    i.start_from_debug_dma_receive  debug_uart.o
    0x08019b1c   0x00000028   Code   RO         4994    i.start_from_gprs_dma_receive  gprs_hal.o
    0x08019b44   0x00000038   Code   RO         4790    i.start_from_n1_dma_receive  from_n1.o
    0x08019b7c   0x00000088   Code   RO         5294    i.start_updata_rp   gprs_4g_app.o
    0x08019c04   0x000000e8   Code   RO         5295    i.start_updata_sensor  gprs_4g_app.o
    0x08019cec   0x0000009c   Code   RO         4498    i.str_to_int        debug_uart.o
    0x08019d88   0x0000003c   Code   RO         4931    i.strhex_to_hex     from_n1_store_s_rp_frimware.o
    0x08019dc4   0x00000114   Code   RO         4871    i.to_n1_buff_handle  to_n1.o
    0x08019ed8   0x00000050   Code   RO         4791    i.uart_form_n1_idle_callback  from_n1.o
    0x08019f28   0x00000054   Code   RO         4499    i.uart_from_debug_idle_callback  debug_uart.o
    0x08019f7c   0x00000044   Code   RO         4995    i.uart_from_gprs_idle_callback  gprs_hal.o
    0x08019fc0   0x00000068   Code   RO         4328    i.user_sys_init     main.o
    0x0801a028   0x00000144   Code   RO         5937    i.write_ap_param_flash  flash.o
    0x0801a16c   0x00000060   Code   RO         5938    i.write_bin_flash   flash.o
    0x0801a1cc   0x0000040c   Code   RO         6100    i.write_realtime_data_to_queue  timer_and_realtime_data.o
    0x0801a5d8   0x00000018   Data   RO            6    .constdata          system_stm32f4xx.o
    0x0801a5f0   0x00000008   Data   RO         2310    .constdata          stm32f4xx_hal_dma.o
    0x0801a5f8   0x00000008   Data   RO         4501    .constdata          debug_uart.o
    0x0801a600   0x00000200   Data   RO         4873    .constdata          to_n1.o
    0x0801a800   0x0000000c   Data   RO         5078    .constdata          gprs_comm.o
    0x0801a80c   0x0000000c   Data   RO         5297    .constdata          gprs_4g_app.o
    0x0801a818   0x00000020   Data   RO         5478    .constdata          rf_hal.o
    0x0801a838   0x00000010   Data   RO         5659    .constdata          rf.o
    0x0801a848   0x0000009c   Data   RO         5991    .constdata          rf_data_handle.o
    0x0801a8e4   0x0000000c   Data   RO         6103    .constdata          timer_and_realtime_data.o
    0x0801a8f0   0x00000088   Data   RO         6206    .constdata          m_wm.l(pow.o)
    0x0801a978   0x00000008   Data   RO         6539    .constdata          m_wm.l(qnan.o)
    0x0801a980   0x00000040   Data   RO         6622    .constdata          mc_w.l(ctype_c.o)
    0x0801a9c0   0x00000641   Data   RO         4502    .conststring        debug_uart.o
    0x0801b001   0x00000003   PAD
    0x0801b004   0x0000005e   Data   RO         4753    .conststring        debug.o
    0x0801b062   0x00000002   PAD
    0x0801b064   0x0000016f   Data   RO         5079    .conststring        gprs_comm.o
    0x0801b1d3   0x00000001   PAD
    0x0801b1d4   0x0000010a   Data   RO         5479    .conststring        rf_hal.o
    0x0801b2de   0x00000002   PAD
    0x0801b2e0   0x000004c1   Data   RO         5992    .conststring        rf_data_handle.o
    0x0801b7a1   0x00000003   PAD
    0x0801b7a4   0x00000020   Data   RO         6624    Region$$Table       anon$$obj.o


    Execution Region RW_IRAM1 (Base: 0x20000000, Size: 0x0002d7e0, Max: 0x00030000, ABSOLUTE, COMPRESSED[0x0000018c])

    Base Addr    Size         Type   Attr      Idx    E Section Name        Object

    0x20000000   0x00000004   Data   RW            7    .data               system_stm32f4xx.o
    0x20000004   0x00000004   Data   RW          911    .data               stm32f4xx_hal.o
    0x20000008   0x00000030   Data   RW         4330    .data               main.o
    0x20000038   0x000000fc   Data   RW         4503    .data               debug_uart.o
    0x20000134   0x00000004   Data   RW         4793    .data               from_n1.o
    0x20000138   0x00000024   Data   RW         4874    .data               to_n1.o
    0x2000015c   0x00000024   Data   RW         4934    .data               from_n1_store_s_rp_frimware.o
    0x20000180   0x000000a8   Data   RW         5080    .data               gprs_comm.o
    0x20000228   0x00000020   Data   RW         5298    .data               gprs_4g_app.o
    0x20000248   0x00000084   Data   RW         5480    .data               rf_hal.o
    0x200002cc   0x00000090   Data   RW         5660    .data               rf.o
    0x2000035c   0x00000004   Data   RW         5779    .data               update_s_rp.o
    0x20000360   0x00000100   Data   RW         5871    .data               eeprom.o
    0x20000460   0x00000001   Data   RW         5940    .data               flash.o
    0x20000461   0x00000003   PAD
    0x20000464   0x00000008   Data   RW         5993    .data               rf_data_handle.o
    0x2000046c   0x00000044   Data   RW         6104    .data               timer_and_realtime_data.o
    0x200004b0   0x00000004   Data   RW         6582    .data               mc_w.l(errno.o)
    0x200004b4   0x00000020   Zero   RW         2735    .bss                stm32f4xx_hal_flash.o
    0x200004d4   0x000007ac   Zero   RW         4329    .bss                main.o
    0x20000c80   0x00002a44   Zero   RW         4500    .bss                debug_uart.o
    0x200036c4   0x00007d00   Zero   RW         4752    .bss                debug.o
    0x2000b3c4   0x00000200   Zero   RW         4792    .bss                from_n1.o
    0x2000b5c4   0x00003300   Zero   RW         4872    .bss                to_n1.o
    0x2000e8c4   0x0000023a   Zero   RW         4933    .bss                from_n1_store_s_rp_frimware.o
    0x2000eafe   0x00000600   Zero   RW         4996    .bss                gprs_hal.o
    0x2000f0fe   0x00000002   PAD
    0x2000f100   0x00002788   Zero   RW         5077    .bss                gprs_comm.o
    0x20011888   0x00000fe8   Zero   RW         5296    .bss                gprs_4g_app.o
    0x20012870   0x00000450   Zero   RW         5477    .bss                rf_hal.o
    0x20012cc0   0x00000568   Zero   RW         5658    .bss                rf.o
    0x20013228   0x00000110   Zero   RW         5778    .bss                update_s_rp.o
    0x20013338   0x000006cf   Zero   RW         5832    .bss                ap_param.o
    0x20013a07   0x00000001   PAD
    0x20013a08   0x0000010c   Zero   RW         5870    .bss                eeprom.o
    0x20013b14   0x00018904   Zero   RW         5990    .bss                rf_data_handle.o
    0x2002c418   0x00000bc5   Zero   RW         6102    .bss                timer_and_realtime_data.o
    0x2002cfdd   0x00000003   PAD
    0x2002cfe0   0x00000800   Zero   RW          154    STACK               startup_stm32f429xx.o



  Load Region LR$$.ARM.__AT_0x10000000 (Base: 0x10000000, Size: 0x00000000, Max: 0x00010000, ABSOLUTE)

    Execution Region ER$$.ARM.__AT_0x10000000 (Base: 0x10000000, Size: 0x00010000, Max: 0x00010000, ABSOLUTE, UNINIT)

    Base Addr    Size         Type   Attr      Idx    E Section Name        Object

    0x10000000   0x00010000   Zero   RW         6101    .ARM.__AT_0x10000000  timer_and_realtime_data.o


==============================================================================

Image component sizes


      Code (inc. data)   RO Data    RW Data    ZI Data      Debug   Object Name

       164         16          0          0       1743       2514   ap_param.o
      2408         70         94          0      32000       3038   debug.o
      3720       1298       1609        252      10820      35901   debug_uart.o
       228         64          0        256        268       2893   eeprom.o
       780         54          0          1          0       3421   flash.o
       612        132          0          4        512       6763   from_n1.o
      1492        116          0         36        570       7448   from_n1_store_s_rp_frimware.o
     11604        522         12         32       4072      31029   gprs_4g_app.o
      6324       1090        379        168      10120      24595   gprs_comm.o
       208         44          0          0       1536       3225   gprs_hal.o
      3524        444          0         48       1964      25955   main.o
      4388        676         16        144       1384      12534   rf.o
     11232        382       1373          8     100612      19493   rf_data_handle.o
      7702        860        298        132       1104      20555   rf_hal.o
        36          8        428          0       2048        796   startup_stm32f429xx.o
       128         20          0          4          0       3831   stm32f4xx_hal.o
      1600         56          0          0          0       6972   stm32f4xx_hal_adc.o
         2          0          0          0          0       1009   stm32f4xx_hal_adc_ex.o
       414         30          0          0          0      32725   stm32f4xx_hal_cortex.o
       114          0          0          0          0       1887   stm32f4xx_hal_crc.o
      1454         20          8          0          0       7038   stm32f4xx_hal_dma.o
       656         60          0          0         32       5982   stm32f4xx_hal_flash.o
       488         24          0          0          0       3306   stm32f4xx_hal_flash_ex.o
       604         58          0          0          0       4251   stm32f4xx_hal_gpio.o
      3718         42          0          0          0      20573   stm32f4xx_hal_i2c.o
      2062        258          0          0          0       6744   stm32f4xx_hal_msp.o
      1844         80          0          0          0       5476   stm32f4xx_hal_rcc.o
       880         24          0          0          0       1568   stm32f4xx_hal_rcc_ex.o
      1104         22          0          0          0       7310   stm32f4xx_hal_rtc.o
        36          0          0          0          0       1779   stm32f4xx_hal_rtc_ex.o
      1678          0          0          0          0       6694   stm32f4xx_hal_spi.o
       746         44          0          0          0       6262   stm32f4xx_hal_tim.o
        98          0          0          0          0       1168   stm32f4xx_hal_tim_ex.o
      2272         42          0          0          0      13808   stm32f4xx_hal_uart.o
       508        116          0          0          0      14690   stm32f4xx_it.o
       100         20         24          4          0     805707   system_stm32f4xx.o
      3616        230         12         68      68549      15393   timer_and_realtime_data.o
       758         72        512         36      13056       5409   to_n1.o
      1388        130          0          4        272       5456   update_s_rp.o

    ----------------------------------------------------------------------
     80736       7124       4808       1200     250668    1185198   Object Totals
         0          0         32          0          0          0   (incl. Generated)
        46          0         11          3          6          0   (incl. Padding)

    ----------------------------------------------------------------------

      Code (inc. data)   RO Data    RW Data    ZI Data      Debug   Library Member Name

       164         44          0          0          0        620   dunder.o
        24          0          0          0          0        124   fabs.o
        48          0          0          0          0        124   fpclassify.o
       248          0          0          0          0        152   poly.o
      3152        296        136          0          0        352   pow.o
         0          0          8          0          0          0   qnan.o
       110          0          0          0          0        148   sqrt.o
        56          8          0          0          0         84   __0sscanf.o
        86          0          0          0          0          0   __dczerorl2.o
        28          0          0          0          0         68   _chval.o
       812          4          0          0          0        112   _scanf.o
       332          0          0          0          0         96   _scanf_int.o
        64          0          0          0          0         84   _sgetc.o
        40          6         64          0          0         68   ctype_c.o
         0          0          0          0          0          0   entry.o
         0          0          0          0          0          0   entry10a.o
         0          0          0          0          0          0   entry11a.o
         8          4          0          0          0          0   entry2.o
         4          0          0          0          0          0   entry5.o
         0          0          0          0          0          0   entry7b.o
         0          0          0          0          0          0   entry8b.o
         8          4          0          0          0          0   entry9a.o
        12          6          0          4          0         68   errno.o
        30          0          0          0          0          0   handlers.o
        36          8          0          0          0         68   init.o
        10          0          0          0          0         68   isspace_c.o
         0          0          0          0          0          0   iusefp.o
        30          0          0          0          0         68   llshl.o
        36          0          0          0          0         68   llsshr.o
        32          0          0          0          0         68   llushr.o
        26          0          0          0          0         80   memcmp.o
        36          0          0          0          0         68   memcpya.o
        36          0          0          0          0        108   memseta.o
      2276         86          0          0          0        520   printfa.o
        40          8          0          0          0         84   scanf_char.o
       838         12          0          0          0        216   scanf_fp.o
        28          0          0          0          0         76   strcmp.o
        14          0          0          0          0         68   strlen.o
        44          0          0          0          0         80   uidiv.o
        98          0          0          0          0         92   uldiv.o
        48          0          0          0          0         68   cdrcmple.o
        56          0          0          0          0         88   d2f.o
       334          0          0          0          0        148   dadd.o
       222          0          0          0          0        100   ddiv.o
       186          0          0          0          0        176   depilogue.o
        62          0          0          0          0         80   dfixi.o
        48          0          0          0          0         68   dfixul.o
        34          0          0          0          0         76   dflti.o
        26          0          0          0          0         76   dfltui.o
        24          0          0          0          0         76   dfltul.o
       228          0          0          0          0         96   dmul.o
        46          0          0          0          0         80   dscalb.o
       162          0          0          0          0        100   dsqrt.o
        38          0          0          0          0         68   f2d.o
       110          0          0          0          0        168   fepilogue.o

    ----------------------------------------------------------------------
     10444        486        208          4          0       5300   Library Totals
        14          0          0          0          0          0   (incl. Padding)

    ----------------------------------------------------------------------

      Code (inc. data)   RO Data    RW Data    ZI Data      Debug   Library Name

      3746        340        144          0          0       1520   m_wm.l
      5060        146         64          4          0       2312   mc_w.l
      1624          0          0          0          0       1468   mf_w.l

    ----------------------------------------------------------------------
     10444        486        208          4          0       5300   Library Totals

    ----------------------------------------------------------------------

==============================================================================


      Code (inc. data)   RO Data    RW Data    ZI Data      Debug   

     91180       7610       5016       1204     250668    1150602   Grand Totals
     91180       7610       5016        396     250668    1150602   ELF Image Totals (compressed)
     91180       7610       5016        396          0          0   ROM Totals

==============================================================================

    Total RO  Size (Code + RO Data)                96196 (  93.94kB)
    Total RW  Size (RW Data + ZI Data)            251872 ( 245.97kB)
    Total ROM Size (Code + RO Data + RW Data)      96592 (  94.33kB)

==============================================================================

