<html>
<body>
<pre>
<h1>礦ision Build Log</h1>
<h2>Tool Versions:</h2>
IDE-Version: μVision V5.21.1.0
Copyright (C) 2016 ARM Ltd and ARM Germany GmbH. All rights reserved.
License Information: 55 Administrator, 55, LIC=03CX7-EH5ZD-ZWI2V-PP222-AZNPF-I3WIV
 
Tool Versions:
Toolchain:       MDK-ARM Plus  Version: 5.21a
Toolchain Path:  C:\Keil_v5\ARM\ARMCC\Bin
C Compiler:      Armcc.exe V5.06 update 3 (build 300)
Assembler:       Armasm.exe V5.06 update 3 (build 300)
Linker/Locator:  ArmLink.exe V5.06 update 3 (build 300)
Library Manager: ArmAr.exe V5.06 update 3 (build 300)
Hex Converter:   FromElf.exe V5.06 update 3 (build 300)
CPU DLL:         SARMCM3.DLL V5.21a
Dialog DLL:      DCM.DLL V1.13.8.0
Target DLL:      Segger\JL2CM3.dll V2.99.23.0
Dialog DLL:      TCM.DLL V1.14.14.0
 
<h2>Project:</h2>
E:\工作\033太阳能AP项目\AP_RF4\MDK-ARM\AP_RF4.uvprojx
Project File Date:  05/14/2019

<h2>Output:</h2>
*** Using Compiler 'V5.06 update 3 (build 300)', folder: 'C:\Keil_v5\ARM\ARMCC\Bin'
Build target 'AP_RF4'
compiling from_n1.c...
;
..\User\GPRS\gprs_4g_app.h(150): warning:  #1295-D: Deprecated declaration gprs_4g_task_poll - give arg types
  void gprs_4g_task_poll();
;
..\User\GPRS\gprs_4g_app.h(150): warning:  #1295-D: Deprecated declaration gprs_4g_task_poll - give arg types
  void gprs_4g_task_poll();
..\User\RF4\rf_hal.h(62): warning:  #1295-D: Deprecated declaration rf_satt_init - give arg types
  void rf_satt_init();
..\User\RF4\rf_hal.h(63): warning:  #1295-D: Deprecated declaration rf_io_tx_4 - give arg types
  void rf_io_tx_4();
..\User\RF4\rf_hal.h(65): warning:  #1295-D: Deprecated declaration rf_scan_channel - give arg types
  void rf_scan_channel();
../Inc/update_s_rp.h(37): warning:  #1295-D: Deprecated declaration enable_sensor_update - give arg types
  void enable_sensor_update();
../Inc/update_s_rp.h(38): warning:  #1295-D: Deprecated declaration enable_rp_update - give arg types
  void enable_rp_update();
..\User\ToN1_uart\from_n1.c(61): warning:  #177-D: variable "reback" was declared but never referenced
  	uint8_t reback[20];
..\User\ToN1_uart\from_n1.c: 9 warnings, 0 errors
compiling debug_uart.c...
..\User\Debug_uart\debug_uart.h(9): warning:  #1295-D: Deprecated declaration print_version - give arg types
  void print_version();
..\User\RF4\rf_hal.h(62): warning:  #1295-D: Deprecated declaration rf_satt_init - give arg types
  void rf_satt_init();
..\User\RF4\rf_hal.h(63): warning:  #1295-D: Deprecated declaration rf_io_tx_4 - give arg types
  void rf_io_tx_4();
..\User\RF4\rf_hal.h(65): warning:  #1295-D: Deprecated declaration rf_scan_channel - give arg types
  void rf_scan_channel();
..\User\rf_data_handle\rf_data_handle.h(276): warning:  #1295-D: Deprecated declaration sensor_event_and_stat_hanle - give arg types
  void sensor_event_and_stat_hanle();
..\User\GPRS\gprs_4g_app.h(150): warning:  #1295-D: Deprecated declaration gprs_4g_task_poll - give arg types
  void gprs_4g_task_poll();
..\User\GPRS\gprs_4g_app.h(151): warning:  #1295-D: Deprecated declaration load_sys_param_to_use_table - give arg types
  void load_sys_param_to_use_table();
../Inc/debug.h(33): warning:  #1295-D: Deprecated declaration re_start_sensor_event_record - give arg types
  void re_start_sensor_event_record();
../Inc/debug.h(35): warning:  #1295-D: Deprecated declaration debug_sensor_event_to_str - give arg types
  void debug_sensor_event_to_str();
../Inc/update_s_rp.h(37): warning:  #1295-D: Deprecated declaration enable_sensor_update - give arg types
  void enable_sensor_update();
../Inc/update_s_rp.h(38): warning:  #1295-D: Deprecated declaration enable_rp_update - give arg types
  void enable_rp_update();
..\User\Debug_uart\debug_uart.c(106): warning:  #1295-D: Deprecated declaration make_list_sensor_debug_data - give arg types
  extern void make_list_sensor_debug_data();
..\User\Debug_uart\debug_uart.c(107): warning:  #1295-D: Deprecated declaration make_sensor_car_count_debug_data - give arg types
  extern uint32_t make_sensor_car_count_debug_data();
..\User\Debug_uart\debug_uart.c(138): warning:  #177-D: variable "i" was declared but never referenced
  	static int len = 0,i;
..\User\Debug_uart\debug_uart.c(224): warning:  #167-D: argument of type "char *" is incompatible with parameter of type "uint8_t *"
  	HAL_UART_Receive_DMA(&huart6,debug_uart_dma_buff,
_LEN);	 //?蚩?DMA????
..\User\Debug_uart\debug_uart.c(244): warning:  #167-D: argument of type "char *" is incompatible with parameter of type "uint8_t *"
  	HAL_UART_Receive_DMA(&huart6,debug_uart_dma_buff,
_LEN);	 //?蚩?DMA????
..\User\Debug_uart\debug_uart.c(296): warning:  #111-D: statement is unreachable
  	return 0;
..\User\Debug_uart\debug_uart.c(258): warning:  #177-D: variable "timeout" was declared but never referenced
  	int timeout = 0;
..\User\Debug_uart\debug_uart.c(431): warning:  #1295-D: Deprecated declaration send_gprs_200_ - give arg types
  extern void send_gprs_200_();
..\User\Debug_uart\debug_uart.c(438): warning:  #1295-D: Deprecated declaration make_gprs_stat - give arg types
  extern char* make_gprs_stat();
..\User\Debug_uart\debug_uart.c(444): warning:  #1295-D: Deprecated declaration make_rf_stat - give arg types
  char* make_rf_stat();
..\User\Debug_uart\debug_uart.c(819): warning:  #144-D: a value of type "void (*)()" cannot be used to initialize an entity of type "void (*)(char *)"
  CMD_CALLBACK("sendgprs200",send_gprs_200)	
..\User\Debug_uart\debug_uart.c(820): warning:  #144-D: a value of type "void (*)()" cannot be used to initialize an entity of type "void (*)(char *)"
  CMD_CALLBACK("gprs",get_gprs_stat)		
..\User\Debug_uart\debug_uart.c(822): warning:  #144-D: a value of type "void (*)()" cannot be used to initialize an entity of type "void (*)(char *)"
  CMD_CALLBACK("rf",get_rf_stat)
..\User\Debug_uart\debug_uart.c: 24 warnings, 0 errors
compiling main.c...
..\User\rf_data_handle\rf_data_handle.h(276): warning:  #1295-D: Deprecated declaration sensor_event_and_stat_hanle - give arg types
  void sensor_event_and_stat_hanle();
..\User\GPRS\gprs_4g_app.h(150): warning:  #1295-D: Deprecated declaration gprs_4g_task_poll - give arg types
  void gprs_4g_task_poll();
..\User\GPRS\gprs_4g_app.h(151): warning:  #1295-D: Deprecated declaration load_sys_param_to_use_table - give arg types
  void load_sys_param_to_use_table();
..\User\RF4\rf_hal.h(62): warning:  #1295-D: Deprecated declaration rf_satt_init - give arg types
  void rf_satt_init();
..\User\RF4\rf_hal.h(63): warning:  #1295-D: Deprecated declaration rf_io_tx_4 - give arg types
  void rf_io_tx_4();
..\User\RF4\rf_hal.h(65): warning:  #1295-D: Deprecated declaration rf_scan_channel - give arg types
  void rf_scan_channel();
..\User\Debug_uart\debug_uart.h(9): warning:  #1295-D: Deprecated declaration print_version - give arg types
  void print_version();
../Src/main.c(53): warning:  #1295-D: Deprecated declaration to_n1_buff_handle - give arg types
  extern void to_n1_buff_handle();
../Src/main.c(54): warning:  #1295-D: Deprecated declaration start_from_n1_dma_receive - give arg types
  extern void start_from_n1_dma_receive();
../Src/main.c(55): warning:  #1295-D: Deprecated declaration start_from_gprs_dma_receive - give arg types
  extern void start_from_gprs_dma_receive();
../Src/main.c(56): warning:  #1295-D: Deprecated declaration start_from_debug_dma_receive - give arg types
  extern void start_from_debug_dma_receive();
../Src/main.c(57): warning:  #1295-D: Deprecated declaration gprs_main_call - give arg types
  extern void gprs_main_call();
../Src/main.c(60): warning:  #1295-D: Deprecated declaration led_1_close - give arg types
  extern void led_1_close();
../Src/main.c(62): warning:  #1295-D: Deprecated declaration rf_manage - give arg types
  extern void rf_manage();
../Src/main.c(73): warning:  #1295-D: Deprecated declaration read_firmware_rp_head - give arg types
  extern void read_firmware_rp_head();
../Src/main.c(74): warning:  #1295-D: Deprecated declaration read_firmware_sensor_head - give arg types
  extern void read_firmware_sensor_head();
../Src/main.c(75): warning:  #1295-D: Deprecated declaration make_result_test_1000p - give arg types
  extern void make_result_test_1000p();
../Src/main.c(183): warning:  #177-D: variable "delay" was declared but never referenced
  	int32_t delay = 0;
../Src/main.c: 18 warnings, 0 errors
compiling gprs_comm.c...
..\User\GPRS\gprs_hal.h(8): warning:  #1295-D: Deprecated declaration grps_power_off - give arg types
  void grps_power_off();
..\User\GPRS\gprs_hal.h(10): warning:  #1295-D: Deprecated declaration grps_power_on - give arg types
  void grps_power_on();
..\User\Debug_uart\debug_uart.h(9): warning:  #1295-D: Deprecated declaration print_version - give arg types
  void print_version();
..\User\rf_data_handle\rf_data_handle.h(276): warning:  #1295-D: Deprecated declaration sensor_event_and_stat_hanle - give arg types
  void sensor_event_and_stat_hanle();
..\User\GPRS\gprs_4g_app.h(150): warning:  #1295-D: Deprecated declaration gprs_4g_task_poll - give arg types
  void gprs_4g_task_poll();
..\User\GPRS\gprs_4g_app.h(151): warning:  #1295-D: Deprecated declaration load_sys_param_to_use_table - give arg types
  void load_sys_param_to_use_table();
..\User\GPRS\gprs_comm.c(178): warning:  #1295-D: Deprecated declaration send_gprs_200_ - give arg types
  void send_gprs_200_();
..\User\GPRS\gprs_comm.c(191): warning:  #68-D: integer conversion resulted in a change of sign
  		return -1;
..\User\GPRS\gprs_comm.c(205): warning:  #68-D: integer conversion resulted in a change of sign
  		return -1;		
..\User\GPRS\gprs_comm.c(301): warning:  #177-D: variable "i" was declared but never referenced
  	int i;
..\User\GPRS\gprs_comm.c(363): warning:  #940-D: missing return statement at end of non-void function "gprs_send_data_flag"
  }
..\User\GPRS\gprs_comm.c(556): warning:  #181-D: argument is incompatible with corresponding format string conversion
  					sprintf(gprs_debug_buff,"gps: [%d-%d] %d-%d-%d %d:%d:%d\r\n",sys_flash_param.ap_param.gps_n_e[0],sys_flash_param.ap_param.gps_n_e[1],
..\User\GPRS\gprs_comm.c(556): warning:  #181-D: argument is incompatible with corresponding format string conversion
  					sprintf(gprs_debug_buff,"gps: [%d-%d] %d-%d-%d %d:%d:%d\r\n",sys_flash_param.ap_param.gps_n_e[0],sys_flash_param.ap_param.gps_n_e[1],
..\User\GPRS\gprs_comm.c(637): warning:  #175-D: subscript out of range
  			case 
PRS_CMD_CONNECT_OK_2 :gprs_stat.con_client[2].connect_ok = 1;break;
..\User\GPRS\gprs_comm.c(652): warning:  #175-D: subscript out of range
  			case 
PRS_CMD_CONNECT_FAIL_2 :gprs_stat.con_client[2].connect_fail_times += 1; gprs_at_tcp_close(2);if(gprs_stat.con_client[2].connect_fail_times>GPRS_CONNECT_FAIL_TIMEOUT)gprs_reboot();break;
..\User\GPRS\gprs_comm.c(652): warning:  #175-D: subscript out of range
  			case 
PRS_CMD_CONNECT_FAIL_2 :gprs_stat.con_client[2].connect_fail_times += 1; gprs_at_tcp_close(2);if(gprs_stat.con_client[2].connect_fail_times>GPRS_CONNECT_FAIL_TIMEOUT)gprs_reboot();break;
..\User\GPRS\gprs_comm.c(663): warning:  #175-D: subscript out of range
  			case 
PRS_CMD_CONNECT_CLOSED_2 : gprs_stat.con_client[2].connect_ok = 0;  break;
..\User\GPRS\gprs_comm.c(387): warning:  #177-D: variable "data_len" was declared but never referenced
  		unsigned short *data_len;
..\User\GPRS\gprs_comm.c(741): warning:  #550-D: variable "n1_data_length" was set but never used
  	int n1_data_length = 0;
..\User\GPRS\gprs_comm.c(801): warning:  #550-D: variable "n1_data_length" was set but never used
  	int n1_data_length = 0;
..\User\GPRS\gprs_comm.c(894): warning:  #177-D: variable "length" was declared but never referenced
  	unsigned short length = 0;
..\User\GPRS\gprs_comm.c(895): warning:  #177-D: variable "data" was declared but never referenced
  	uint8_t data = 0;
..\User\GPRS\gprs_comm.c(896): warning:  #177-D: variable "i" was declared but never referenced
  	int i;
..\User\GPRS\gprs_comm.c(897): warning:  #177-D: variable "begin" was declared but never referenced
  	int begin;
..\User\GPRS\gprs_comm.c(898): warning:  #177-D: variable "ret" was declared but never referenced
  	char ret = 0;
..\User\GPRS\gprs_comm.c(899): warning:  #177-D: variable "p_gprs_data_buff" was declared but never referenced
  	uint8_t *p_gprs_data_buff = gprs_data_buff;
..\User\GPRS\gprs_comm.c(900): warning:  #177-D: variable "p_n1_data_head" was declared but never referenced
  	strcut_n1_data_head *p_n1_data_head;
..\User\GPRS\gprs_comm.c(996): warning:  #177-D: variable "which_client" was declared but never referenced
  	static int which_client = 0;
..\User\GPRS\gprs_comm.c(998): warning:  #177-D: variable "delay" was declared but never referenced
  	int delay = 0;
..\User\GPRS\gprs_comm.c(1369): warning:  #177-D: variable "pd" was declared but never referenced
  	unsigned char *pd = (unsigned char *)pdata;
..\User\GPRS\gprs_comm.c: 30 warnings, 0 errors
compiling from_n1_store_s_rp_frimware.c...
..\User\rf_data_handle\rf_data_handle.h(276): warning:  #1295-D: Deprecated declaration sensor_event_and_stat_hanle - give arg types
  void sensor_event_and_stat_hanle();
..\User\GPRS\gprs_4g_app.h(150): warning:  #1295-D: Deprecated declaration gprs_4g_task_poll - give arg types
  void gprs_4g_task_poll();
..\User\GPRS\gprs_4g_app.h(151): warning:  #1295-D: Deprecated declaration load_sys_param_to_use_table - give arg types
  void load_sys_param_to_use_table();
..\User\RF4\rf_hal.h(62): warning:  #1295-D: Deprecated declaration rf_satt_init - give arg types
  void rf_satt_init();
..\User\RF4\rf_hal.h(63): warning:  #1295-D: Deprecated declaration rf_io_tx_4 - give arg types
  void rf_io_tx_4();
..\User\RF4\rf_hal.h(65): warning:  #1295-D: Deprecated declaration rf_scan_channel - give arg types
  void rf_scan_channel();
..\Src\from_n1_store_s_rp_frimware.c(102): warning:  #1295-D: Deprecated declaration read_firmware_rp_head - give arg types
  void read_firmware_rp_head();
..\Src\from_n1_store_s_rp_frimware.c(103): warning:  #1295-D: Deprecated declaration read_firmware_sensor_head - give arg types
  void read_firmware_sensor_head();
..\Src\from_n1_store_s_rp_frimware.c(122): warning:  #181-D: argument is incompatible with corresponding format string conversion
  		sscanf(data,"%X",output++);
..\Src\from_n1_store_s_rp_frimware.c(273): warning:  #167-D: argument of type "uint8_t *" is incompatible with parameter of type "char *"
  		strhex_to_hex(firmware_head + p_n1_send_firmware_head->packet_syn*37,&(p_n1_send_firmware_head->data[1]),37);
..\Src\from_n1_store_s_rp_frimware.c(362): warning:  #167-D: argument of type "uint8_t *" is incompatible with parameter of type "char *"
  		strhex_to_hex(firmware_head,&(p_n1_send_firmware_head->data[1]),37);
..\Src\from_n1_store_s_rp_frimware.c(193): warning:  #177-D: variable "ack" was declared but never referenced
  	unsigned char ack[7];                //??N1发??ack
..\Src\from_n1_store_s_rp_frimware.c(196): warning:  #177-D: variable "firmware_type" was declared but never referenced
  	static int firmware_type = 0;        //?碳????途龆ù娲?位?茫?rp or sensor）
..\Src\from_n1_store_s_rp_frimware.c(203): warning:  #177-D: variable "flash_head" was declared but never referenced
  	struct _my_firmware_head  *flash_head; 
..\Src\from_n1_store_s_rp_frimware.c(204): warning:  #177-D: variable "updata_FwVer" was declared but never referenced
  	uint16_t updata_FwVer;
..\Src\from_n1_store_s_rp_frimware.c(205): warning:  #177-D: variable "updata_HwVer" was declared but never referenced
  	uint16_t updata_HwVer;
..\Src\from_n1_store_s_rp_frimware.c(613): warning:  #1-D: last line of file ends without a newline
  }
..\Src\from_n1_store_s_rp_frimware.c: 17 warnings, 0 errors
compiling gprs_4g_app.c...
..\User\GPRS\gprs_4g_app.h(150): warning:  #1295-D: Deprecated declaration gprs_4g_task_poll - give arg types
  void gprs_4g_task_poll();
..\User\GPRS\gprs_4g_app.h(151): warning:  #1295-D: Deprecated declaration load_sys_param_to_use_table - give arg types
  void load_sys_param_to_use_table();
..\User\rf_data_handle\rf_data_handle.h(276): warning:  #1295-D: Deprecated declaration sensor_event_and_stat_hanle - give arg types
  void sensor_event_and_stat_hanle();
..\User\rf_data_handle\timer_and_realtime_data.h(186): warning:  #1295-D: Deprecated declaration poll_to_4g_realtime_data - give arg types
  void poll_to_4g_realtime_data();
..\User\rf_data_handle\timer_and_realtime_data.h(188): warning:  #1295-D: Deprecated declaration sensor_data_and_stat_timer_task - give arg types
  void sensor_data_and_stat_timer_task();
..\User\rf_data_handle\timer_and_realtime_data.h(190): warning:  #1295-D: Deprecated declaration get_sec_to_timer_begin - give arg types
  uint32_t get_sec_to_timer_begin();
../Inc/update_s_rp.h(37): warning:  #1295-D: Deprecated declaration enable_sensor_update - give arg types
  void enable_sensor_update();
../Inc/update_s_rp.h(38): warning:  #1295-D: Deprecated declaration enable_rp_update - give arg types
  void enable_rp_update();
..\User\GPRS\gprs_4g_app.c(49): warning:  #1295-D: Deprecated declaration read_firmware_rp_head - give arg types
  extern void read_firmware_rp_head();
..\User\GPRS\gprs_4g_app.c(50): warning:  #1295-D: Deprecated declaration read_firmware_sensor_head - give arg types
  extern void read_firmware_sensor_head();
..\User\GPRS\gprs_4g_app.c(51): warning:  #1295-D: Deprecated declaration sensor_rp_updata_manage - give arg types
  extern void sensor_rp_updata_manage();
..\User\GPRS\gprs_4g_app.c(520): warning:  #177-D: variable "crc" was declared but never referenced
  	uint16_t crc;
..\User\GPRS\gprs_4g_app.c(820): warning:  #68-D: integer conversion resulted in a change of sign
  	uint8_t data_from_witch_client = -1;
..\User\GPRS\gprs_4g_app.c(820): warning:  #177-D: variable "data_from_witch_client" was declared but never referenced
  	uint8_t data_from_witch_client = -1;
..\User\GPRS\gprs_4g_app.c(1710): warning:  #177-D: variable "timeslot" was declared but never referenced
  	static uint32_t timeslot = 0;
..\User\GPRS\gprs_4g_app.c: 15 warnings, 0 errors
compiling update_s_rp.c...
..\User\rf_data_handle\rf_data_handle.h(276): warning:  #1295-D: Deprecated declaration sensor_event_and_stat_hanle - give arg types
  void sensor_event_and_stat_hanle();
..\User\GPRS\gprs_4g_app.h(150): warning:  #1295-D: Deprecated declaration gprs_4g_task_poll - give arg types
  void gprs_4g_task_poll();
..\User\GPRS\gprs_4g_app.h(151): warning:  #1295-D: Deprecated declaration load_sys_param_to_use_table - give arg types
  void load_sys_param_to_use_table();
..\User\RF4\rf_hal.h(62): warning:  #1295-D: Deprecated declaration rf_satt_init - give arg types
  void rf_satt_init();
..\User\RF4\rf_hal.h(63): warning:  #1295-D: Deprecated declaration rf_io_tx_4 - give arg types
  void rf_io_tx_4();
..\User\RF4\rf_hal.h(65): warning:  #1295-D: Deprecated declaration rf_scan_channel - give arg types
  void rf_scan_channel();
../Inc/debug.h(33): warning:  #1295-D: Deprecated declaration re_start_sensor_event_record - give arg types
  void re_start_sensor_event_record();
../Inc/debug.h(35): warning:  #1295-D: Deprecated declaration debug_sensor_event_to_str - give arg types
  void debug_sensor_event_to_str();
../Inc/update_s_rp.h(37): warning:  #1295-D: Deprecated declaration enable_sensor_update - give arg types
  void enable_sensor_update();
../Inc/update_s_rp.h(38): warning:  #1295-D: Deprecated declaration enable_rp_update - give arg types
  void enable_rp_update();
..\User\Debug_uart\debug_uart.h(9): warning:  #1295-D: Deprecated declaration print_version - give arg types
  void print_version();
..\Src\update_s_rp.c: 11 warnings, 0 errors
compiling rf.c...
..\User\rf_data_handle\rf_data_handle.h(276): warning:  #1295-D: Deprecated declaration sensor_event_and_stat_hanle - give arg types
  void sensor_event_and_stat_hanle();
..\User\GPRS\gprs_4g_app.h(150): warning:  #1295-D: Deprecated declaration gprs_4g_task_poll - give arg types
  void gprs_4g_task_poll();
..\User\GPRS\gprs_4g_app.h(151): warning:  #1295-D: Deprecated declaration load_sys_param_to_use_table - give arg types
  void load_sys_param_to_use_table();
..\User\RF4\rf_hal.h(62): warning:  #1295-D: Deprecated declaration rf_satt_init - give arg types
  void rf_satt_init();
..\User\RF4\rf_hal.h(63): warning:  #1295-D: Deprecated declaration rf_io_tx_4 - give arg types
  void rf_io_tx_4();
..\User\RF4\rf_hal.h(65): warning:  #1295-D: Deprecated declaration rf_scan_channel - give arg types
  void rf_scan_channel();
../Inc/debug.h(33): warning:  #1295-D: Deprecated declaration re_start_sensor_event_record - give arg types
  void re_start_sensor_event_record();
../Inc/debug.h(35): warning:  #1295-D: Deprecated declaration debug_sensor_event_to_str - give arg types
  void debug_sensor_event_to_str();
../Inc/update_s_rp.h(37): warning:  #1295-D: Deprecated declaration enable_sensor_update - give arg types
  void enable_sensor_update();
../Inc/update_s_rp.h(38): warning:  #1295-D: Deprecated declaration enable_rp_update - give arg types
  void enable_rp_update();
..\User\RF4\rf.c(67): warning:  #1295-D: Deprecated declaration rf_fast_init - give arg types
  extern void rf_fast_init();
..\User\RF4\rf.c(81): warning:  #1295-D: Deprecated declaration auto_jiaozhun_sensor_send_cmd - give arg types
  uint16_t auto_jiaozhun_sensor_send_cmd();
..\User\RF4\rf.c(90): warning:  #1295-D: Deprecated declaration clear_recode - give arg types
  void clear_recode();
..\User\RF4\rf.c(91): warning:  #1295-D: Deprecated declaration get_slot_num - give arg types
  uint8_t get_slot_num();
..\User\RF4\rf.c(247): warning:  #550-D: variable "p_crc" was set but never used
  	uint8_t *p_crc = 0;
..\User\RF4\rf.c(248): warning:  #177-D: variable "i" was declared but never referenced
  	uint8_t i =0;
..\User\RF4\rf.c(250): warning:  #177-D: variable "end_flag_send_times" was declared but never referenced
  	static int end_flag_send_times;
..\User\RF4\rf.c(499): warning:  #940-D: missing return statement at end of non-void function "check_recode_data_if_repeat"
  }
..\User\RF4\rf.c(538): warning:  #177-D: variable "ptr_syn" was declared but never referenced
  	SNP_SYNC_PACKET_tt	*ptr_syn = (SNP_SYNC_PACKET_tt *)&rf_rx_buff[index];
..\User\RF4\rf.c(851): warning:  #68-D: integer conversion resulted in a change of sign
  		return -1;
..\User\RF4\rf.c(865): warning:  #68-D: integer conversion resulted in a change of sign
  		return -1;		
..\User\RF4\rf.c(899): warning:  #940-D: missing return statement at end of non-void function "auto_jiaozhun_sensor_send_cmd"
  }
..\User\RF4\rf.c: 22 warnings, 0 errors
compiling rf_hal.c...
..\User\RF4\rf_hal.h(62): warning:  #1295-D: Deprecated declaration rf_satt_init - give arg types
  void rf_satt_init();
..\User\RF4\rf_hal.h(63): warning:  #1295-D: Deprecated declaration rf_io_tx_4 - give arg types
  void rf_io_tx_4();
..\User\RF4\rf_hal.h(65): warning:  #1295-D: Deprecated declaration rf_scan_channel - give arg types
  void rf_scan_channel();
..\User\Debug_uart\debug_uart.h(9): warning:  #1295-D: Deprecated declaration print_version - give arg types
  void print_version();
..\User\rf_data_handle\rf_data_handle.h(276): warning:  #1295-D: Deprecated declaration sensor_event_and_stat_hanle - give arg types
  void sensor_event_and_stat_hanle();
..\User\GPRS\gprs_4g_app.h(150): warning:  #1295-D: Deprecated declaration gprs_4g_task_poll - give arg types
  void gprs_4g_task_poll();
..\User\GPRS\gprs_4g_app.h(151): warning:  #1295-D: Deprecated declaration load_sys_param_to_use_table - give arg types
  void load_sys_param_to_use_table();
..\User\RF4\rf_hal.c(150): warning:  #550-D: variable "ret" was set but never used
  	HAL_StatusTypeDef ret;
..\User\RF4\rf_hal.c(222): warning:  #550-D: variable "stat" was set but never used
  	HAL_StatusTypeDef stat;
..\User\RF4\rf_hal.c(308): warning:  #177-D: variable "Timeout" was declared but never referenced
  	uint32_t Timeout ;
..\User\RF4\rf_hal.c(310): warning:  #177-D: variable "data_1" was declared but never referenced
  	uint8_t data_1[3];
..\User\RF4\rf_hal.c(311): warning:  #177-D: variable "data_2" was declared but never referenced
  	uint8_t data_2[3];
..\User\RF4\rf_hal.c(312): warning:  #177-D: variable "data_3" was declared but never referenced
  	uint8_t data_3[3];
..\User\RF4\rf_hal.c(313): warning:  #177-D: variable "data_4" was declared but never referenced
  	uint8_t data_4[3];
..\User\RF4\rf_hal.c(314): warning:  #177-D: variable "data_5" was declared but never referenced
  	uint8_t data_5[3];
..\User\RF4\rf_hal.c(315): warning:  #550-D: variable "stat" was set but never used
  	HAL_StatusTypeDef stat;
..\User\RF4\rf_hal.c(462): warning:  #550-D: variable "tickstart" was set but never used
  	uint32_t tickstart = 0U;
..\User\RF4\rf_hal.c(464): warning:  #177-D: variable "data_" was declared but never referenced
  	uint8_t data_[3];
..\User\RF4\rf_hal.c(465): warning:  #177-D: variable "stat" was declared but never referenced
  	HAL_StatusTypeDef stat;
..\User\RF4\rf_hal.c(610): warning:  #550-D: variable "ret" was set but never used
  	HAL_StatusTypeDef ret;
..\User\RF4\rf_hal.c(1018): warning:  #177-D: variable "bitstatus" was declared but never referenced
  	GPIO_PinState bitstatus;
..\User\RF4\rf_hal.c(1058): warning:  #550-D: variable "ret" was set but never used
  	HAL_StatusTypeDef ret;
..\User\RF4\rf_hal.c(1211): warning:  #1295-D: Deprecated declaration get_slot_num - give arg types
  extern uint8_t get_slot_num();
..\User\RF4\rf_hal.c: 23 warnings, 0 errors
compiling ap_param.c...
..\User\rf_data_handle\rf_data_handle.h(276): warning:  #1295-D: Deprecated declaration sensor_event_and_stat_hanle - give arg types
  void sensor_event_and_stat_hanle();
..\User\GPRS\gprs_4g_app.h(150): warning:  #1295-D: Deprecated declaration gprs_4g_task_poll - give arg types
  void gprs_4g_task_poll();
..\User\GPRS\gprs_4g_app.h(151): warning:  #1295-D: Deprecated declaration load_sys_param_to_use_table - give arg types
  void load_sys_param_to_use_table();
..\User\Ap_param\ap_param.c: 3 warnings, 0 errors
compiling eeprom.c...
..\User\rf_data_handle\rf_data_handle.h(276): warning:  #1295-D: Deprecated declaration sensor_event_and_stat_hanle - give arg types
  void sensor_event_and_stat_hanle();
..\User\GPRS\gprs_4g_app.h(150): warning:  #1295-D: Deprecated declaration gprs_4g_task_poll - give arg types
  void gprs_4g_task_poll();
..\User\GPRS\gprs_4g_app.h(151): warning:  #1295-D: Deprecated declaration load_sys_param_to_use_table - give arg types
  void load_sys_param_to_use_table();
..\User\Ap_param\eeprom.c: 3 warnings, 0 errors
compiling flash.c...
..\User\rf_data_handle\rf_data_handle.h(276): warning:  #1295-D: Deprecated declaration sensor_event_and_stat_hanle - give arg types
  void sensor_event_and_stat_hanle();
..\User\GPRS\gprs_4g_app.h(150): warning:  #1295-D: Deprecated declaration gprs_4g_task_poll - give arg types
  void gprs_4g_task_poll();
..\User\GPRS\gprs_4g_app.h(151): warning:  #1295-D: Deprecated declaration load_sys_param_to_use_table - give arg types
  void load_sys_param_to_use_table();
..\Src\flash.c(24): warning:  #177-D: variable "psysparam" was declared but never referenced
  	struct_sys_flash_param * psysparam = (struct_sys_flash_param * )(FLASH_AP_PARAM_BEGIN_1+8);
..\Src\flash.c(71): warning:  #177-D: label "write" was declared but never referenced
  write:
..\Src\flash.c: 5 warnings, 0 errors
compiling timer_and_realtime_data.c...
..\User\rf_data_handle\rf_data_handle.h(276): warning:  #1295-D: Deprecated declaration sensor_event_and_stat_hanle - give arg types
  void sensor_event_and_stat_hanle();
../Inc/debug.h(33): warning:  #1295-D: Deprecated declaration re_start_sensor_event_record - give arg types
  void re_start_sensor_event_record();
../Inc/debug.h(35): warning:  #1295-D: Deprecated declaration debug_sensor_event_to_str - give arg types
  void debug_sensor_event_to_str();
..\User\GPRS\gprs_4g_app.h(150): warning:  #1295-D: Deprecated declaration gprs_4g_task_poll - give arg types
  void gprs_4g_task_poll();
..\User\GPRS\gprs_4g_app.h(151): warning:  #1295-D: Deprecated declaration load_sys_param_to_use_table - give arg types
  void load_sys_param_to_use_table();
..\User\rf_data_handle\timer_and_realtime_data.h(186): warning:  #1295-D: Deprecated declaration poll_to_4g_realtime_data - give arg types
  void poll_to_4g_realtime_data();
..\User\rf_data_handle\timer_and_realtime_data.h(188): warning:  #1295-D: Deprecated declaration sensor_data_and_stat_timer_task - give arg types
  void sensor_data_and_stat_timer_task();
..\User\rf_data_handle\timer_and_realtime_data.h(190): warning:  #1295-D: Deprecated declaration get_sec_to_timer_begin - give arg types
  uint32_t get_sec_to_timer_begin();
..\User\rf_data_handle\timer_and_realtime_data.c(137): warning:  #940-D: missing return statement at end of non-void function "init_realtime_data_queue"
  }
..\User\rf_data_handle\timer_and_realtime_data.c(154): warning:  #68-D: integer conversion resulted in a change of sign
  		return -2;   //?薮?链??
..\User\rf_data_handle\timer_and_realtime_data.c(282): warning:  #940-D: missing return statement at end of non-void function "send_to_4g_realtime_data"
  }
..\User\rf_data_handle\timer_and_realtime_data.c(335): warning:  #940-D: missing return statement at end of non-void function "dtu_ack_r_fun"
  }
..\User\rf_data_handle\timer_and_realtime_data.c(295): warning:  #177-D: variable "p_dz" was declared but never referenced
  	struct_dezhou_realtime_data *p_dz;
..\User\rf_data_handle\timer_and_realtime_data.c(636): warning:  #940-D: missing return statement at end of non-void function "qianfang_lane_to_his_lane"
  }
..\User\rf_data_handle\timer_and_realtime_data.c: 14 warnings, 0 errors
compiling rf_data_handle.c...
..\User\rf_data_handle\rf_data_handle.h(276): warning:  #1295-D: Deprecated declaration sensor_event_and_stat_hanle - give arg types
  void sensor_event_and_stat_hanle();
../Inc/debug.h(33): warning:  #1295-D: Deprecated declaration re_start_sensor_event_record - give arg types
  void re_start_sensor_event_record();
../Inc/debug.h(35): warning:  #1295-D: Deprecated declaration debug_sensor_event_to_str - give arg types
  void debug_sensor_event_to_str();
..\User\GPRS\gprs_4g_app.h(150): warning:  #1295-D: Deprecated declaration gprs_4g_task_poll - give arg types
  void gprs_4g_task_poll();
..\User\GPRS\gprs_4g_app.h(151): warning:  #1295-D: Deprecated declaration load_sys_param_to_use_table - give arg types
  void load_sys_param_to_use_table();
..\User\rf_data_handle\timer_and_realtime_data.h(186): warning:  #1295-D: Deprecated declaration poll_to_4g_realtime_data - give arg types
  void poll_to_4g_realtime_data();
..\User\rf_data_handle\timer_and_realtime_data.h(188): warning:  #1295-D: Deprecated declaration sensor_data_and_stat_timer_task - give arg types
  void sensor_data_and_stat_timer_task();
..\User\rf_data_handle\timer_and_realtime_data.h(190): warning:  #1295-D: Deprecated declaration get_sec_to_timer_begin - give arg types
  uint32_t get_sec_to_timer_begin();
..\User\rf_data_handle\rf_data_handle.c(17): warning:  #1295-D: Deprecated declaration get_slot_num - give arg types
  extern uint8_t get_slot_num();
..\User\rf_data_handle\rf_data_handle.c(350): warning:  #940-D: missing return statement at end of non-void function "insert_sensor_event"
  }
..\User\rf_data_handle\rf_data_handle.c(102): warning:  #177-D: variable "ptr" was declared but never referenced
  	char *ptr = (char *)ptr_s_event;
..\User\rf_data_handle\rf_data_handle.c(103): warning:  #177-D: variable "sid" was declared but never referenced
  	uint16_t sid = ((ptr_s_event->sPhr.uiDevId>>8)&0xff)|((ptr_s_event->sPhr.uiDevId<<8)&0xff00);
..\User\rf_data_handle\rf_data_handle.c(547): warning:  #940-D: missing return statement at end of non-void function "calc_sensor_event"
  }
..\User\rf_data_handle\rf_data_handle.c(579): warning:  #177-D: variable "p_ls" was declared but never referenced
  	struct_sensor_event *p_ls = 0;
..\User\rf_data_handle\rf_data_handle.c(722): warning:  #177-D: variable "i" was declared but never referenced
  	uint32_t i=0;
..\User\rf_data_handle\rf_data_handle.c(815): warning:  #940-D: missing return statement at end of non-void function "insert_rp_stat_packet"
  }
..\User\rf_data_handle\rf_data_handle.c(1058): warning:  #177-D: variable "p_sensor_stat" was declared but never referenced
  	struct_sensor_stat* p_sensor_stat;
..\User\rf_data_handle\rf_data_handle.c(1060): warning:  #177-D: variable "volt" was declared but never referenced
  	uint16_t volt;
..\User\rf_data_handle\rf_data_handle.c: 18 warnings, 0 errors
linking...
Program Size: Code=91348 RO-data=5016 RW-data=1204 ZI-data=250668  
FromELF: creating hex file...
After Build - User command #1: C:/Keil_v5/ARM/ARMCC/bin/fromelf.exe --bin -o ./AP_RF4/AP_RF4.bin ./AP_RF4/AP_RF4.axf
"AP_RF4\AP_RF4.axf" - 0 Error(s), 211 Warning(s).

<h2>Software Packages used:</h2>

Package Vendor: ARM
                http://www.keil.com/pack/ARM.CMSIS.5.0.1.pack
                ARM::CMSIS:CORE:5.0.1
                CMSIS (Cortex Microcontroller Software Interface Standard)
   * Component: CORE Version: 5.0.1

<h2>Collection of Component include folders:</h2>
  E:\工作\033太阳能AP项目\AP_RF4\MDK-ARM\RTE
  C:\Keil_v5\ARM\PACK\ARM\CMSIS\5.0.1\CMSIS\Include
  C:\Keil_v5\ARM\PACK\Keil\STM32F4xx_DFP\2.11.0\Drivers\CMSIS\Device\ST\STM32F4xx\Include

<h2>Collection of Component Files used:</h2>

   * Component: ARM::CMSIS:CORE:5.0.1
Build Time Elapsed:  00:01:07
</pre>
</body>
</html>
